[0, 0, 651, 0, 0, 0, 0, 0, 0, 709, 0, 0, 635, 0, 0, 0, 0, 0, 0, 529, 0, 0, 0, 0, 0, 639, 0, 0, 0, 0, 0, 661, 0, 710, 0, 611, 0, 0, 529, 0, 0, 567, 0, 297, 0, 561, 0, 664, 693, 0, 0, 0, 0, 672, 0, 0, 0, 0, 0, 706, 0, 685, 0, 0, 0, 0, 705, 0, 701, 654, 683, 0, 0, 0, 655, 0, 0, 0, 385, 571, 0, 0, 681, 356, 0, 0, 0, 711, 0, 676, 0, 632, 0, 0, 0, 0, 0, 647, 0, 0, 0, 0, 0, 0, 0, 0, 0, 627, 697, 0, 0, 0, 0, 689, 0, 0, 0, 0, 653, 0, 0, 0, 0, 0, 678, 661, 0, 0, 0, 592, 0, 0, 305, 0, 514, 0, 679, 0, 0, 658, 0, 674, 0, 310, 682, 0, 0, 0, 0, 709, 0, 0, 0, 0, 506, 0, 0, 600, 0, 0, 0, 0, 0, 703, 0, 0, 0, 643, 0, 0, 0, 601, 0, 0, 0, 0, 0, 0, 0, 0, 0, 0, 709, 0, 0, 0, 285, 0, 0, 0, 0, 0, 0, 579, 0, 0, 0, 0, 0, 0, 0, 0, 632, 486, 0, 665, 0, 0]
