[0, 205, 320, 329, 0, 333, 367, 325, 0, 0, 363, 0, 0, 0, 0, 327, 329, 354, 353, 280, 0, 370, 0, 328, 125, 0, 318, 0, 338, 365, 359, 367, 343, 355, 254, 88, 348, 0, 365, 352, 0, 359, 284, 287, 367, 0, 0, 0, 344, 357, 353, 361, 0, 303, 354, 0, 164, 367, 106, 331, 294, 0, 359, 0, 365, 363, 0, 313, 366, 241, 0, 241, 334, 117, 280, 362, 343, 333]
