[519, 519, 480, 488, 357, 510, 491, 411, 469, 530, 523, 256, 504, 517, 502, 474, 457, 477, 509, 488, 523, 404, 425, 527, 524, 491, 444, 432, 419, 519, 523, 507, 517, 498, 497, 485, 515, 501, 493]
