[605, 758, 589, 788, 0, 790, 766, 769, 680, 766, 679, 770, 662, 755, 784, 0, 730, 662, 670, 761, 787, 653, 785, 785, 0, 784, 580, 0, 790, 790, 0, 704, 782, 786, 602, 783, 728, 749, 0, 786, 751, 741, 783, 0, 761, 0, 740, 786, 0, 775, 776, 780, 726, 534, 0, 789, 780, 740, 751, 732, 755, 768, 791, 790]
