[592, 506, 622, 589, 492, 615, 561, 435, 500, 600, 626, 630, 641, 562, 632, 641, 104, 619, 586, 619, 538, 610, 543, 354, 631, 476, 594, 636, 434, 611, 587, 420, 559, 488, 633, 590, 600, 549, 596, 533, 465, 553, 586, 574, 597, 456, 587, 119, 621, 640, 557, 205, 410, 550, 633, 571, 546, 520, 618, 608, 566, 627, 642, 605, 616, 611, 607, 625, 632, 628, 608, 351, 369, 559, 179, 590, 478, 627, 631, 629, 643, 619, 569, 179, 536, 484, 582]
