[771, 0, 906, 913, 925, 875, 921, 916, 577, 914, 650, 868, 715, 720, 872, 0, 842, 825, 870, 929, 915, 459, 891, 910, 166, 35, 642, 619, 930, 0, 817, 879, 889, 769, 919, 873, 846, 152, 923, 584, 892, 877, 673, 746, 926, 926, 743, 920, 707, 796, 693, 787, 868, 666, 0, 902, 910, 603, 923, 758, 328, 894, 904, 524, 930, 828, 875, 740, 818, 846, 876, 921, 922, 907, 882, 0, 917, 910, 877, 909, 381, 897, 921, 826, 845, 0, 736]
