[593, 630, 708, 518, 671, 716, 736, 737, 731, 676, 733, 733, 676, 737, 707, 677, 694, 717, 722, 701, 736, 706, 650, 738, 684, 702, 698]
