[232, 232, 238, 222, 215, 228, 0, 0, 140, 217, 226, 0, 232, 209, 91, 204, 156, 221, 150, 221, 0, 233, 229, 236, 230, 199, 237, 55, 218, 234, 208, 213, 108, 217, 234, 216, 191, 235, 219, 0, 222, 166, 231]
