-902: 7
-901: 7
-900: 5
-899: 7
-898: 7
-896: 4
-895: 6
-894: 2
-888: 2
-887: 2
-886: 2
-885: 2
-884: 6
-883: 2
-882: 7
-881: 3
-880: 11
-879: 5
-878: 5
-877: 2
-876: 4
-875: 8
-874: 8
-871: 11
-870: 15
-869: 11
-868: 11
-867: 10
-865: 6
-864: 2
-862: 10
-861: 10
-860: 8
-859: 8
-858: 7
-857: 13
-856: 14
-855: 14
-854: 14
-853: 14
-852: 9
-851: 9
-850: 3
-849: 3
-848: 2
-847: 9
-846: 5
-845: 5
-844: 5
-843: 1
-840: 5
-839: 1
-838: 10
-837: 10
-836: 8
-835: 8
-834: 8
-833: 7
-832: 10
-831: 8
-830: 8
-829: 5
-828: 5
-827: 5
-826: 5
-825: 8
-824: 5
-823: 5
-822: 9
-821: 5
-820: 10
-819: 10
-818: 10
-817: 10
-816: 9
-815: 7
-814: 11
-813: 9
-812: 9
-811: 2
-810: 2
-809: 10
-808: 10
-805: 2
-804: 2
-802: 11
-801: 15
-800: 15
-799: 15
-798: 15
-797: 12
-796: 12
-795: 14
-793: 11
-792: 11
-791: 9
-790: 9
-789: 3
-788: 3
-787: 7
-786: 10
-785: 10
-784: 8
-783: 8
-782: 8
-781: 6
-780: 7
-779: 7
-778: 7
-777: 7
-776: 6
-775: 6
-774: 6
-773: 6
-770: 4
-769: 8
-768: 4
-767: 4
-765: 6
-764: 7
-763: 7
-762: 7
-761: 7
-760: 1
-759: 5
-758: 1
-757: 7
-756: 7
-755: 7
-754: 7
-753: 9
-752: 9
-751: 7
-750: 7
-748: 6
-747: 6
-746: 4
-745: 15
-744: 19
-743: 15
-742: 19
-741: 2
