38: 6
39: 4
41: 3
42: 1
45: 6
46: 4
47: 4
48: 2
49: 3
50: 1
51: 9
52: 10
53: 8
54: 15
55: 13
56: 7
57: 12
58: 10
59: 7
60: 7
61: 11
62: 9
63: 6
64: 4
65: 6
66: 15
67: 13
68: 10
69: 7
70: 9
71: 7
72: 1
73: 30
74: 28
75: 25
76: 13
77: 15
78: 13
79: 10
80: 7
81: 7
82: 5
85: 6
86: 4
87: 1
