10: 197
11: 197
12: 198
13: 196
14: 219
15: 219
16: 220
17: 217
18: 217
19: 217
20: 218
21: 216
22: 218
23: 218
24: 220
25: 220
26: 221
27: 214
28: 216
29: 219
30: 219
31: 220
32: 219
33: 219
34: 221
35: 221
36: 222
37: 210
38: 210
39: 211
40: 211
41: 213
42: 213
43: 214
44: 210
45: 212
46: 212
47: 213
48: 211
49: 212
50: 211
51: 211
52: 212
53: 209
54: 203
55: 203
56: 204
57: 173
