55: 33
56: 41
57: 42
58: 41
59: 43
60: 44
61: 43
62: 41
63: 44
64: 45
65: 44
66: 20
67: 24
68: 25
69: 24
