40: 9
41: 7
43: 20
44: 18
45: 18
46: 16
47: 19
48: 17
49: 11
50: 11
51: 18
52: 16
53: 12
54: 13
55: 11
56: 5
57: 19
58: 17
59: 11
60: 9
61: 19
62: 17
63: 17
64: 18
65: 16
66: 20
67: 21
68: 19
69: 6
70: 12
71: 10
72: 15
73: 13
74: 13
75: 11
76: 4
77: 2
78: 9
79: 7
80: 4
81: 1
82: 15
83: 13
