32: 3
33: 5
34: 4
35: 3
37: 10
38: 12
39: 11
40: 7
41: 3
42: 1
43: 3
48: 1
49: 3
50: 1
51: 3
52: 2
53: 4
54: 3
55: 2
56: 4
57: 4
58: 6
59: 6
60: 8
61: 7
64: 1
65: 4
66: 10
67: 12
68: 1
69: 3
70: 5
71: 7
72: 6
73: 3
74: 12
75: 14
76: 13
77: 10
78: 12
79: 5
80: 7
82: 4
83: 6
84: 11
85: 13
86: 10
87: 12
89: 4
90: 7
91: 9
92: 5
93: 7
94: 6
97: 1
98: 4
99: 6
100: 4
101: 6
