31: 3
32: 3
33: 3
34: 3
35: 3
36: 3
37: 7
38: 7
39: 4
40: 3
41: 7
42: 7
43: 1
44: 7
45: 7
46: 7
47: 11
48: 6
49: 9
50: 9
51: 11
52: 1
53: 1
54: 4
55: 4
56: 4
57: 4
58: 16
59: 12
60: 12
61: 12
62: 11
63: 17
64: 17
65: 11
66: 11
67: 11
68: 2
69: 7
70: 7
71: 5
72: 5
73: 7
74: 7
75: 5
76: 7
77: 7
79: 2
80: 6
