-750: 3
-749: 1
-747: 1
-746: 1
-745: 2
-742: 7
-741: 8
-740: 7
-739: 3
-738: 2
-734: 4
-729: 5
-728: 5
-727: 5
-726: 5
-725: 6
-724: 3
-723: 1
-722: 2
-721: 1
-720: 1
-718: 2
-717: 2
-715: 1
-714: 3
-713: 3
-712: 6
-711: 8
-710: 4
-709: 4
-705: 2
-704: 1
-703: 8
-702: 8
-701: 9
-700: 4
-699: 2
-698: 5
-697: 3
-696: 1
-695: 2
-694: 2
-693: 4
-692: 5
-691: 4
-689: 5
-688: 3
-687: 2
-686: 3
-685: 7
-684: 4
-683: 3
-678: 4
-677: 4
-676: 5
-675: 3
-674: 3
-673: 3
-672: 3
-671: 4
-670: 3
-669: 1
-665: 2
-664: 1
-663: 1
-659: 4
-658: 4
-657: 4
-656: 4
-655: 2
-654: 3
-653: 3
-652: 3
-651: 3
-642: 4
-641: 6
-640: 2
-639: 1
-638: 1
-637: 1
-636: 4
-635: 4
-634: 4
-633: 6
-632: 5
-631: 5
-629: 4
-628: 5
-627: 5
-626: 5
-625: 5
-624: 3
-623: 6
-622: 10
-621: 13
-620: 15
-619: 7
-618: 7
-617: 7
-616: 4
-615: 5
-614: 5
-611: 1
-610: 7
-607: 1
-606: 3
-600: 2
-599: 1
-598: 1
-597: 3
-596: 2
-595: 2
-594: 2
-593: 2
-592: 2
-591: 4
-590: 1
-589: 1
-588: 1
-587: 2
-586: 3
-585: 2
-584: 2
-580: 3
-579: 1
-578: 3
-577: 3
-576: 5
-575: 5
-574: 4
-572: 8
-571: 8
-570: 8
-569: 8
-568: 5
-567: 5
-566: 12
-565: 10
-564: 9
-563: 9
-562: 9
-561: 3
-560: 3
-559: 4
-558: 7
-557: 7
-556: 7
-555: 7
-554: 5
-553: 6
-552: 7
-551: 6
-550: 5
-549: 2
-548: 5
-547: 6
-546: 5
-545: 3
-544: 6
-543: 6
-541: 1
-540: 1
-539: 5
-538: 6
-537: 6
-536: 7
-533: 1
-532: 6
-531: 6
-530: 6
-529: 6
-528: 1
-527: 2
-526: 6
-525: 5
-524: 5
-523: 5
-522: 3
-521: 4
-520: 7
-519: 7
-518: 4
-517: 6
-516: 6
-515: 8
-514: 9
-513: 8
-510: 2
-509: 1
-508: 1
-507: 1
-506: 1
-505: 2
-504: 1
-503: 1
-502: 9
-501: 3
-500: 1
-499: 6
-498: 1
-497: 1
-496: 2
-495: 1
-490: 3
-489: 2
-488: 10
-487: 10
-486: 6
-485: 5
-484: 4
-480: 3
-479: 1
-477: 2
-476: 1
-475: 1
-470: 2
-469: 2
-468: 1
-467: 4
-466: 6
-463: 3
-462: 1
-461: 3
-460: 1
-456: 1
-455: 3
-454: 5
-453: 4
-452: 8
-451: 10
-449: 5
-448: 5
-445: 4
-444: 5
-443: 4
-442: 1
-441: 1
-439: 1
-438: 3
-437: 6
-436: 6
-435: 6
-434: 6
-433: 5
-432: 2
-431: 2
-427: 5
-426: 6
-425: 5
-416: 4
-414: 8
-413: 6
-412: 5
-411: 2
-410: 2
-409: 2
-408: 2
-403: 5
-402: 5
-401: 5
-400: 5
-399: 4
-398: 4
-397: 4
-394: 4
-387: 4
-386: 5
-385: 4
-384: 4
-383: 11
-382: 12
-381: 12
-380: 13
-379: 14
-378: 17
-377: 15
-376: 1
-375: 1
-372: 4
-368: 1
-367: 3
-366: 8
-365: 10
-364: 9
-363: 11
-362: 13
-361: 12
-360: 14
-359: 14
-355: 2
-354: 2
-353: 1
-352: 1
-351: 7
-350: 5
-347: 3
-346: 2
-345: 2
-344: 3
-343: 3
-342: 3
-341: 3
-340: 1
-339: 8
-338: 8
-337: 8
-336: 8
-335: 7
-334: 7
-333: 10
-332: 8
-331: 5
-330: 1
-329: 1
-328: 2
-327: 1
-326: 3
-325: 3
-324: 3
-323: 6
-322: 8
-321: 4
-320: 1
-313: 2
-312: 2
-309: 3
-308: 1
-306: 5
-305: 5
-304: 6
-303: 3
-302: 8
-301: 6
-300: 3
-297: 1
-296: 3
-293: 4
-292: 4
-289: 1
-288: 3
-286: 4
-285: 12
-284: 12
-283: 13
-282: 13
-281: 9
-280: 8
-279: 9
-278: 9
-277: 13
-276: 11
-275: 1
-274: 2
-273: 7
-272: 3
-271: 3
-270: 4
-266: 5
-265: 2
-264: 2
-263: 2
-262: 3
-261: 4
-260: 3
-259: 2
-258: 2
-254: 4
-253: 1
-252: 6
-251: 1
-249: 2
-248: 2
-247: 4
-246: 3
-245: 3
-244: 1
-243: 7
-242: 7
-241: 7
-240: 7
-239: 6
-238: 6
-237: 2
-236: 1
-235: 6
-234: 4
-233: 1
-232: 2
-231: 2
-230: 2
-229: 2
-228: 7
-227: 2
-226: 3
-225: 2
-220: 3
-219: 3
-218: 13
-217: 13
-216: 8
-215: 6
-214: 6
-213: 6
-212: 6
-210: 2
-209: 4
-208: 4
-207: 1
-206: 3
-204: 7
-203: 8
-202: 7
-201: 6
-200: 6
-199: 2
-198: 3
-197: 2
-196: 5
-195: 5
-194: 6
-193: 7
-190: 2
-189: 4
-188: 2
-187: 1
-186: 1
-185: 1
-184: 2
-183: 2
-182: 3
-181: 3
-180: 1
-179: 1
-178: 2
-177: 1
-176: 4
-174: 2
-173: 2
-169: 4
-164: 7
-163: 7
-162: 7
-161: 7
-160: 5
-159: 6
-158: 7
-157: 7
-154: 3
-153: 3
-152: 3
-151: 4
-150: 2
-149: 3
-148: 2
-147: 3
-146: 2
-145: 3
-144: 3
-143: 4
-142: 2
-141: 4
-140: 2
-139: 1
-138: 1
-137: 2
-136: 5
-135: 5
-134: 6
