27: 3
28: 9
29: 9
30: 10
31: 10
32: 14
33: 14
34: 4
35: 4
36: 2
37: 8
38: 4
39: 2
40: 24
41: 24
42: 22
43: 23
44: 23
45: 23
46: 23
47: 22
48: 22
49: 22
50: 18
51: 21
52: 21
53: 19
54: 21
55: 21
56: 17
57: 17
58: 18
59: 18
60: 18
61: 18
62: 12
63: 12
64: 12
65: 15
66: 15
67: 15
68: 15
69: 19
70: 19
71: 19
72: 19
73: 9
74: 9
75: 9
76: 11
77: 15
78: 5
79: 5
80: 5
