73: 18
74: 18
75: 19
76: 23
77: 23
78: 24
79: 24
80: 26
81: 29
82: 29
83: 30
84: 29
85: 16
86: 29
87: 29
88: 30
89: 28
90: 29
91: 26
92: 37
93: 37
94: 38
95: 34
96: 35
97: 34
98: 15
99: 14
100: 13
