66: 1
67: 1
68: 1
69: 1
72: 4
75: 6
76: 6
78: 2
79: 2
95: 4
99: 1
100: 1
101: 1
102: 1
