79: 6
80: 7
81: 12
82: 8
83: 8
84: 9
85: 12
86: 11
87: 19
88: 20
89: 19
90: 14
91: 13
92: 15
93: 15
94: 16
95: 18
96: 15
97: 18
98: 20
99: 17
100: 15
101: 2
102: 1
