10: 27
11: 73
12: 77
13: 83
14: 79
15: 79
16: 79
17: 75
18: 65
19: 76
20: 76
21: 78
22: 63
23: 80
24: 80
25: 99
26: 99
27: 99
28: 99
29: 98
30: 98
31: 99
32: 99
33: 85
34: 89
35: 85
36: 88
37: 88
38: 81
39: 79
40: 94
41: 94
42: 92
43: 90
44: 90
45: 98
46: 98
47: 100
48: 98
49: 95
50: 103
51: 103
52: 99
53: 80
54: 80
55: 86
56: 86
57: 86
58: 86
59: 85
60: 87
61: 88
62: 88
63: 88
64: 88
65: 85
66: 88
67: 88
68: 86
69: 86
70: 81
71: 84
72: 84
73: 84
74: 84
75: 81
76: 83
77: 83
78: 80
79: 80
80: 80
81: 80
82: 80
83: 79
84: 79
85: 79
86: 57
87: 57
88: 55
89: 55
