84: 15
85: 19
86: 13
87: 14
88: 18
89: 14
90: 14
91: 6
92: 2
