14: 6
15: 5
16: 7
17: 6
18: 8
19: 12
20: 16
21: 15
22: 15
23: 13
24: 11
25: 11
26: 9
27: 10
28: 11
29: 10
30: 10
31: 3
32: 7
33: 6
34: 6
35: 6
36: 7
37: 6
38: 6
39: 10
40: 9
41: 9
42: 5
43: 7
44: 6
45: 8
46: 7
47: 7
48: 1
49: 6
50: 12
51: 11
52: 11
53: 11
54: 10
55: 10
56: 7
58: 5
59: 6
60: 5
61: 5
66: 10
67: 11
68: 10
69: 10
70: 6
71: 5
72: 5
73: 1
74: 1
75: 12
76: 11
77: 13
78: 12
79: 12
80: 10
81: 12
82: 11
83: 11
84: 9
85: 7
86: 7
87: 12
88: 11
89: 11
90: 9
91: 6
92: 5
93: 5
94: 6
95: 5
96: 5
97: 3
98: 3
