21: 9
22: 22
23: 32
24: 30
25: 27
26: 26
27: 24
28: 15
29: 20
30: 18
31: 15
32: 20
33: 21
34: 19
35: 16
36: 16
37: 14
38: 11
39: 9
40: 13
41: 24
42: 22
43: 19
44: 17
45: 14
