-181: 3553
-180: 3559
-179: 3560
-178: 3560
-177: 3561
-176: 3560
-175: 3549
-174: 3550
-173: 3549
-172: 3562
-171: 3564
-170: 3565
-169: 3564
-168: 3561
-167: 3561
-166: 3560
-165: 3545
-164: 3545
-163: 3549
-162: 3550
-161: 3550
-160: 3551
-159: 3550
-158: 3546
-157: 3548
-156: 3550
-155: 3551
-154: 3550
-153: 3541
-152: 3541
-151: 3542
-150: 3541
-149: 3545
-148: 3546
-147: 3545
-146: 3545
-145: 3544
-144: 3544
-143: 3545
-142: 3544
-141: 3543
-140: 3546
-139: 3547
-138: 3546
-137: 3544
-136: 3539
-135: 3522
-134: 3521
-133: 3524
-132: 3525
-131: 3528
-130: 3535
-129: 3537
-128: 3538
-127: 3537
-126: 3535
-125: 3534
-124: 3531
-123: 3532
-122: 3531
-121: 3535
-120: 3536
-119: 3535
-118: 3537
-117: 3538
-116: 3537
-115: 3536
-114: 3537
-113: 3537
-112: 3538
-111: 3537
-110: 3530
-109: 3529
-108: 3527
-107: 3527
-106: 3528
-105: 3537
-104: 3538
-103: 3537
-102: 3535
-101: 3534
-100: 3535
-99: 3534
-98: 3533
-97: 3534
-96: 3533
-95: 3534
-94: 3538
-93: 3539
-92: 3538
-91: 3537
-90: 3538
-89: 3537
-88: 3533
-87: 3534
-86: 3533
-85: 3536
-84: 3537
-83: 3536
-82: 3534
-81: 3535
-80: 3536
-79: 3543
-78: 3544
-77: 3543
-76: 3541
-75: 3555
-74: 3556
-73: 3555
-72: 3553
-71: 3558
-70: 3559
-69: 3558
-68: 3559
-67: 3560
-66: 3564
-65: 3565
-64: 3564
-63: 3564
-62: 3563
-61: 3560
-60: 3558
-59: 3554
-58: 3552
-57: 3545
-56: 3556
-55: 3557
-54: 3556
-53: 3555
-52: 3556
-51: 3555
-50: 3546
-49: 3542
-48: 3545
-47: 3547
-46: 3548
-45: 3547
-44: 3562
-43: 3564
-42: 3568
-41: 3569
-40: 3568
-39: 3560
-38: 3559
-37: 3563
-36: 3564
-35: 3564
-34: 3566
-33: 3567
-32: 3566
-31: 3538
-30: 3537
-29: 3546
-28: 3547
-27: 3546
-26: 3544
-25: 3548
-24: 3549
-23: 3548
-22: 3546
-21: 3552
-20: 3553
-19: 3552
-18: 3551
-17: 3552
-16: 3551
-15: 3556
-14: 3558
-13: 3559
-12: 3559
-11: 3560
-10: 3559
-9: 3552
-8: 3551
-7: 3547
-6: 3548
-5: 3547
-4: 3546
-3: 3547
-2: 3546
-1: 3533
0: 3534
1: 3533
2: 3533
3: 3535
4: 3537
5: 3538
6: 3538
7: 3539
8: 3538
9: 3533
10: 3539
11: 3543
12: 3544
13: 3544
14: 3545
15: 3544
16: 3534
17: 3536
18: 3537
19: 3536
20: 3534
21: 3531
22: 3532
23: 3534
24: 3535
25: 3535
26: 3536
27: 3535
28: 3532
29: 3525
30: 3526
31: 3525
32: 3521
33: 3522
34: 3521
35: 3514
36: 3513
37: 3520
38: 3524
39: 3526
40: 3527
41: 3526
42: 3523
43: 3517
44: 3518
45: 3524
46: 3526
47: 3527
48: 3526
49: 3508
50: 3510
51: 3511
52: 3510
53: 3498
54: 3499
55: 3499
56: 3503
57: 3505
58: 3506
59: 3505
60: 3492
61: 3492
62: 3496
63: 3497
64: 3496
65: 3493
66: 3494
67: 3493
68: 3489
