15: 8
17: 4
19: 4
20: 4
21: 4
22: 4
23: 11
24: 13
25: 13
26: 11
27: 11
28: 11
29: 11
30: 13
31: 13
33: 1
34: 1
35: 5
36: 5
37: 4
38: 8
39: 4
40: 8
41: 8
42: 6
43: 4
44: 4
45: 4
48: 13
49: 13
50: 3
51: 3
52: 5
53: 4
54: 14
55: 14
56: 12
57: 4
58: 4
62: 4
63: 4
65: 4
66: 12
67: 12
68: 10
69: 8
70: 8
71: 8
72: 1
75: 4
76: 4
77: 2
