Tocka/vrniX                 --> OK
Tocka/vrniY                 --> OK
Tocka/toString              --> OK
Tocka/razdalja              --> OK
Tocka/izhodisce             --> OK
Tocka/razdaljaOdIzhodisca   --> OK
Premica/vrniK               --> OK
Premica/vrniN               --> OK
Premica/toString            --> OK
Premica/tockaPriX           --> OK
Premica/skoziTocko          --> OK
Premica/vzporednica         --> OK
Premica/pravokotnica        --> OK
Premica/presecisce          --> OK
Premica/projekcija          --> OK
Premica/razdalja(Tocka)     --> OK
Premica/razdaljaOdIzhodisca --> OK
Premica/razdalja(double)    --> OK
