0 -> 320
1 -> 0
2 -> 44
3 -> 214
4 -> 0
5 -> 54
6 -> 19
7 -> 177
8 -> 0
9 -> 0
10 -> 191
11 -> 852
12 -> 353
13 -> 419
14 -> 205
15 -> 361
16 -> 0
17 -> 0
18 -> 266
19 -> 800
20 -> 148
21 -> 97
22 -> 1082
23 -> 760
24 -> 1396
25 -> 184
26 -> 77
27 -> 0
28 -> 269
29 -> 1057
30 -> 1
31 -> 354
32 -> 964
33 -> 0
34 -> 0
35 -> 166
36 -> 297
37 -> 205
38 -> 768
39 -> 524
40 -> 0
41 -> 146
42 -> 96
43 -> 879
44 -> 0
45 -> 0
46 -> 287
47 -> 81
48 -> 0
49 -> 11

