0:16 -> [true, true, true, true]
1:43 -> [false, true, true, false]
2:04 -> [false, true, true, false]
2:08 -> [false, true, true, false]
2:43 -> [false, false, false, false]
3:25 -> [false, false, false, false]
5:15 -> [false, false, false, false]
5:18 -> [false, false, false, false]
6:37 -> [false, false, false, false]
7:40 -> [false, false, false, true]
8:08 -> [false, false, false, false]
8:23 -> [false, false, false, false]
8:27 -> [false, false, false, false]
9:54 -> [false, false, false, false]
10:35 -> [false, false, false, false]
11:58 -> [false, false, false, false]
12:04 -> [false, false, false, false]
12:10 -> [false, false, false, false]
13:17 -> [true, false, false, false]
13:21 -> [true, false, false, false]
13:47 -> [true, false, false, false]
15:00 -> [false, false, false, false]
15:03 -> [false, false, false, false]
15:13 -> [false, false, true, false]
16:10 -> [false, true, true, false]
17:13 -> [false, false, false, false]
17:16 -> [false, false, false, false]
17:34 -> [false, false, false, false]
19:12 -> [true, false, false, true]
19:56 -> [false, false, false, false]
