0 -> 43
1 -> 0
2 -> 416
3 -> 1247
4 -> 222
5 -> 421

