0:02 -> [true]
1:06 -> [true]
1:23 -> [true]
3:38 -> [true]
3:59 -> [true]
4:36 -> [true]
5:31 -> [false]
10:00 -> [false]
10:29 -> [false]
10:31 -> [false]
10:55 -> [false]
12:16 -> [false]
12:22 -> [false]
13:26 -> [false]
15:12 -> [false]
15:52 -> [false]
15:56 -> [false]
16:11 -> [false]
16:27 -> [false]
16:32 -> [false]
19:05 -> [false]
20:00 -> [false]
20:17 -> [false]
20:22 -> [false]
20:45 -> [false]
21:30 -> [false]
21:48 -> [false]
21:54 -> [false]
22:58 -> [false]
23:19 -> [false]
