0:39 -> [true, true, true, true, false, true, true, true, true, true, true, true, false, true, false, false, true, true, false, true, true, true, true, true, false, true, true, true, true, true, false, true, true, false, true, true, true, true, true, true, false, true, true, true, true, true, false, false, true, true]
0:58 -> [true, true, true, true, true, true, false, true, true, true, true, true, false, true, false, false, true, true, false, true, true, true, true, true, false, true, true, true, true, true, false, true, false, false, true, true, true, true, true, true, false, true, true, true, true, true, false, false, true, true]
2:05 -> [false, true, true, false, true, true, false, true, true, false, true, false, false, true, false, false, true, true, false, false, true, true, true, true, false, true, false, true, false, true, false, true, false, false, true, true, true, true, true, true, false, false, false, true, true, true, false, false, true, true]
2:26 -> [false, true, true, false, true, false, false, true, true, false, true, false, false, true, false, false, false, false, false, false, true, true, true, true, false, true, false, true, false, true, false, true, false, false, true, true, true, true, true, true, false, false, false, false, true, true, false, false, true, true]
3:24 -> [false, false, false, false, false, false, true, false, true, false, false, true, false, false, false, true, false, false, false, true, true, false, true, true, false, false, false, true, false, false, false, false, false, false, false, false, false, true, false, false, false, true, false, false, false, false, false, false, true, true]
3:56 -> [false, false, false, false, false, false, true, false, true, false, false, true, false, false, false, true, false, false, false, true, false, false, true, true, false, false, false, true, false, false, false, false, false, false, false, false, false, true, false, false, false, true, true, true, false, true, false, false, false, true]
5:22 -> [false, false, false, false, false, false, true, false, false, false, true, true, true, false, false, true, false, false, false, true, false, false, false, false, false, false, false, false, false, false, false, false, false, false, false, false, false, false, false, false, false, true, true, true, false, true, false, false, false, false]
5:32 -> [false, false, false, false, false, false, true, false, false, false, true, true, true, true, false, false, false, false, false, true, false, false, false, false, false, false, false, false, false, false, false, false, false, false, false, false, false, false, false, true, false, true, true, true, false, true, false, false, false, false]
7:04 -> [false, false, false, false, false, false, true, false, false, false, false, false, true, false, false, false, false, false, true, false, false, false, false, false, false, false, false, false, false, false, false, false, false, false, false, false, false, false, false, false, false, true, true, true, false, false, false, false, false, false]
9:50 -> [false, false, false, false, true, false, false, false, false, false, false, false, true, false, false, false, false, false, false, true, false, false, true, false, true, false, true, false, false, false, false, false, false, false, false, false, false, false, false, false, false, false, false, false, false, false, false, false, true, false]
10:40 -> [false, false, false, false, false, false, false, false, false, false, false, true, false, false, false, false, false, true, false, true, false, false, false, false, false, false, false, false, false, true, false, false, false, false, false, false, false, false, false, false, false, false, false, false, false, false, false, false, false, true]
10:50 -> [false, true, false, false, false, true, false, false, false, false, false, true, false, false, false, false, true, true, false, true, false, false, false, false, false, false, false, false, false, true, false, false, false, false, false, false, false, false, false, false, false, false, false, false, false, false, false, false, false, true]
10:57 -> [false, true, false, false, false, true, false, false, false, false, false, true, false, false, true, false, true, true, false, false, false, false, false, false, false, false, false, false, false, true, false, false, false, false, false, false, false, false, false, false, false, false, false, false, false, false, false, false, false, true]
12:36 -> [false, false, false, false, false, true, false, false, true, false, true, false, false, false, false, false, false, false, false, false, false, false, false, false, false, false, false, true, false, false, false, false, false, false, false, false, false, false, false, false, false, false, false, false, false, false, false, false, false, false]
13:28 -> [false, false, false, false, false, true, true, false, true, false, true, false, false, false, true, false, false, false, false, false, false, false, true, false, true, false, false, true, false, false, false, false, true, false, false, false, false, false, false, true, false, false, false, false, false, false, false, false, false, false]
13:52 -> [false, false, false, false, false, false, false, false, false, false, false, false, false, false, true, true, false, false, false, false, false, false, true, false, true, false, false, false, false, false, false, false, true, false, false, false, false, false, false, true, false, false, false, true, false, false, false, false, false, false]
14:39 -> [false, false, false, false, false, true, false, true, false, false, true, false, false, false, false, false, false, true, false, false, false, false, false, false, false, false, false, false, false, false, true, false, false, false, false, false, false, false, false, true, false, false, false, true, false, false, false, false, false, false]
16:04 -> [true, false, false, false, false, false, true, false, false, false, false, false, false, false, false, true, false, true, false, false, false, false, false, false, false, false, false, false, false, false, false, false, false, false, false, false, false, false, false, false, false, false, false, false, false, true, false, false, false, true]
17:38 -> [true, false, false, false, true, false, true, false, false, false, false, true, false, false, true, false, false, false, false, false, false, false, false, false, false, false, false, false, true, false, false, false, false, true, false, false, false, false, false, false, false, false, false, false, false, false, true, true, false, true]
17:49 -> [true, true, false, false, true, true, true, false, false, false, false, true, false, false, true, false, false, false, false, false, false, false, false, false, false, false, false, false, false, false, false, false, false, true, false, false, false, false, true, false, false, false, false, false, false, false, true, true, false, true]
18:30 -> [true, true, false, false, true, true, true, false, false, false, false, false, false, false, false, false, false, false, false, false, false, false, false, false, true, false, false, false, false, false, true, false, false, false, false, false, false, false, false, false, false, false, false, false, false, false, true, true, false, false]
19:49 -> [true, true, false, false, true, false, false, false, false, false, true, false, false, true, false, false, false, false, false, false, false, true, true, false, true, false, false, false, false, false, false, true, false, false, true, true, false, false, false, true, false, false, false, false, false, true, false, true, false, false]
20:26 -> [true, false, false, false, true, false, false, false, false, false, true, false, true, true, false, false, false, false, true, false, false, true, true, false, true, false, false, false, false, false, false, true, false, false, true, true, false, false, false, true, false, false, true, false, false, true, false, true, false, false]
21:19 -> [false, false, false, false, true, true, false, false, false, false, true, false, true, true, false, false, true, false, true, false, false, true, false, false, true, true, false, false, false, false, false, true, false, true, true, true, false, false, false, true, false, false, true, false, false, true, false, true, false, false]
21:29 -> [false, false, false, false, true, true, false, false, false, false, true, false, true, true, true, false, true, false, true, false, false, true, false, false, true, true, false, true, true, false, false, false, false, true, true, true, false, false, false, true, false, false, true, false, false, true, false, true, false, false]
22:48 -> [true, true, false, true, false, true, false, true, false, true, true, false, true, true, true, true, true, true, false, false, true, true, false, true, true, true, true, true, true, false, true, true, true, true, true, true, false, true, false, true, false, true, true, true, false, true, false, true, true, true]
22:52 -> [true, true, false, true, false, true, false, true, true, true, true, false, true, true, true, true, true, true, false, false, true, true, false, true, true, true, true, true, true, false, true, true, true, true, true, true, false, true, false, true, false, true, true, true, false, true, false, true, true, true]
23:40 -> [true, true, true, true, true, true, true, true, true, true, true, true, true, true, true, true, true, true, true, true, true, true, false, true, true, true, true, true, true, true, true, true, true, true, true, true, false, true, true, true, true, true, true, true, false, true, true, true, true, true]
23:44 -> [true, true, true, true, true, true, true, true, true, true, true, true, true, true, true, true, true, true, true, true, true, true, false, true, true, true, true, true, true, true, true, true, true, true, true, true, false, true, true, true, true, true, true, true, true, true, true, true, true, true]
23:52 -> [true, true, true, true, true, true, true, true, true, true, true, true, true, true, true, true, true, true, true, true, true, true, true, true, true, true, true, true, true, true, true, true, true, true, true, true, false, true, true, true, true, true, true, true, true, true, true, true, true, true]
