1:29 -> [true, true, true, true, true, true, false, false, true, true, true, false, true, true, true, true, false, true, true, false, true, true, true, true, false, true, true, false, true, false, true, true, false, true, true, false, false, true, true, true, false, true, false, true, false, true, false, false, true, true]
2:55 -> [true, true, false, true, true, false, false, false, true, false, false, false, true, true, true, false, false, true, true, false, false, true, false, false, false, true, true, false, true, true, true, false, false, false, false, false, false, false, false, false, true, true, false, true, false, true, false, false, true, true]
4:02 -> [true, true, false, true, true, false, false, false, true, false, false, false, true, true, false, true, false, true, true, false, false, true, false, false, false, true, true, false, true, false, true, true, false, false, false, false, false, false, false, false, false, false, false, false, false, true, false, false, true, true]
4:18 -> [true, false, false, false, true, false, false, false, true, false, false, false, true, true, false, true, true, true, true, false, false, true, false, false, false, true, true, false, true, false, false, true, false, false, false, false, false, false, false, false, false, false, false, false, false, true, false, false, true, true]
6:03 -> [false, false, false, false, true, false, false, false, false, false, false, true, true, true, false, false, false, false, false, false, false, false, false, false, true, false, true, false, false, false, false, true, false, true, false, false, false, false, false, false, false, false, false, false, false, false, false, false, false, false]
10:31 -> [false, true, false, false, false, true, false, false, false, false, false, false, false, false, false, false, false, false, false, false, false, false, false, false, false, false, false, false, false, false, false, false, false, true, false, false, false, false, false, false, false, false, false, false, false, false, false, false, true, false]
11:22 -> [false, true, false, false, false, true, false, false, false, false, false, false, false, false, false, false, false, false, false, false, false, false, false, false, false, false, false, false, false, false, false, false, false, true, false, false, false, false, false, false, false, false, false, false, false, false, false, false, false, false]
11:36 -> [false, true, false, false, false, false, false, false, false, false, false, false, false, false, false, false, false, false, false, false, false, false, false, false, false, false, false, false, false, false, false, false, false, true, false, false, false, false, false, false, false, true, false, false, false, false, false, false, false, false]
12:08 -> [false, false, false, false, true, false, false, false, false, false, false, false, false, false, false, false, false, false, false, true, false, false, false, false, false, false, false, false, false, false, false, false, false, false, false, false, false, false, false, false, false, false, false, false, false, false, false, false, false, true]
12:24 -> [false, false, false, false, true, false, false, false, false, false, false, false, false, false, false, false, false, false, false, true, false, true, false, true, false, false, false, false, false, false, false, false, false, false, false, false, false, false, false, false, false, false, false, false, false, false, false, false, false, false]
13:42 -> [false, false, false, false, false, false, false, false, false, false, false, false, false, false, false, false, false, false, false, false, false, true, false, true, false, false, false, false, false, false, false, false, false, false, false, false, false, false, false, false, false, false, false, false, false, false, false, false, true, false]
14:32 -> [false, false, false, false, true, false, false, false, false, false, false, false, false, false, false, false, false, false, false, false, false, false, false, true, false, false, false, false, false, false, false, false, false, false, false, false, true, false, false, false, false, true, false, false, false, false, false, true, true, false]
15:00 -> [false, false, false, false, true, false, false, false, false, false, false, false, false, false, false, false, false, false, false, false, false, false, false, false, false, false, false, false, false, false, false, false, false, false, false, false, true, false, false, false, false, false, false, false, false, false, false, true, true, false]
15:56 -> [true, false, false, false, false, false, false, false, false, false, true, false, false, false, false, false, false, false, false, false, false, false, false, false, false, false, false, false, false, false, false, false, false, false, false, false, false, false, false, true, false, false, false, true, false, false, false, true, false, true]
16:00 -> [true, false, false, false, false, false, false, false, false, false, true, false, false, false, false, false, false, false, false, false, false, false, false, false, false, false, false, false, false, false, false, false, false, false, false, false, false, false, false, true, false, false, false, false, false, false, false, true, false, true]
16:02 -> [true, false, false, false, false, false, false, false, false, false, true, false, false, false, false, false, false, false, false, false, false, false, false, false, false, false, false, false, false, false, false, false, false, false, false, false, false, false, false, true, false, false, false, false, false, false, false, true, false, true]
16:19 -> [true, false, false, false, false, true, false, false, false, true, true, false, false, false, false, false, false, false, false, false, false, false, false, false, false, false, false, false, false, false, false, true, false, false, false, false, false, true, false, true, false, false, true, false, false, false, false, true, false, true]
16:29 -> [true, false, false, false, false, false, false, false, false, true, true, false, false, false, false, false, false, false, false, false, false, false, false, false, false, false, false, false, false, false, false, true, false, false, false, false, false, true, false, true, false, false, true, false, false, false, false, true, false, true]
17:47 -> [false, false, false, false, false, false, false, false, false, true, false, false, true, false, false, false, false, true, false, false, false, false, false, false, false, false, true, false, false, false, false, false, false, false, false, false, false, false, false, false, false, false, false, true, false, false, false, true, false, true]
18:48 -> [false, true, false, false, false, false, true, false, false, false, false, false, false, false, true, false, false, false, false, false, false, false, false, false, false, false, false, true, true, false, false, false, false, false, false, true, false, false, false, false, true, false, false, true, false, false, true, false, false, false]
19:11 -> [false, true, false, true, false, false, true, false, false, false, false, false, false, false, true, false, true, false, true, false, false, false, true, false, false, false, false, true, true, false, false, false, false, false, false, true, false, false, false, false, false, false, true, true, false, false, true, false, false, false]
19:40 -> [false, true, false, true, false, true, true, false, false, false, true, false, false, false, true, false, true, false, true, false, false, false, true, false, false, false, false, true, true, false, false, false, false, false, false, true, false, false, false, true, false, false, true, true, false, false, true, false, false, false]
20:03 -> [false, false, true, true, false, true, true, false, false, false, true, false, false, false, false, false, true, false, true, false, false, false, true, true, false, false, false, true, true, false, false, false, false, false, false, true, false, false, false, true, false, false, true, true, false, true, false, false, false, false]
20:05 -> [false, false, true, true, false, true, true, false, false, false, true, false, false, false, false, false, true, false, true, false, false, false, true, true, false, false, false, true, true, false, false, false, false, false, false, true, false, false, false, true, false, false, true, true, false, true, false, false, false, false]
20:55 -> [false, false, true, true, true, true, true, false, false, false, true, false, false, false, false, false, true, false, true, true, false, false, true, true, false, false, true, true, true, false, false, false, false, true, false, true, false, false, false, true, true, false, false, false, true, true, false, false, true, false]
21:34 -> [false, false, true, true, true, true, true, false, false, false, true, false, false, false, false, false, true, false, false, true, false, true, true, true, false, false, true, true, true, true, true, false, false, true, false, true, false, false, false, true, true, false, true, false, true, true, false, false, true, false]
21:35 -> [false, false, true, true, true, true, true, false, false, false, true, false, false, false, false, false, true, false, false, true, false, true, true, true, false, false, true, true, true, true, true, false, false, true, false, true, false, false, false, true, true, false, true, false, true, true, true, false, true, false]
21:37 -> [false, false, true, true, true, true, true, false, false, false, true, false, false, false, false, false, true, false, false, true, false, true, true, true, false, false, true, true, true, true, true, false, false, true, false, true, false, true, false, true, true, false, true, false, true, true, true, false, true, false]
22:36 -> [false, true, true, true, true, true, true, true, true, true, true, true, false, true, false, true, true, false, true, false, false, true, true, true, true, false, true, true, true, true, true, false, false, true, true, true, false, true, true, true, true, true, true, false, true, true, true, false, true, false]
23:13 -> [false, true, true, true, true, true, true, true, true, true, true, true, false, true, false, true, true, true, true, false, true, true, true, true, true, false, true, true, true, true, true, false, true, true, true, true, true, true, true, true, true, true, true, false, true, true, true, true, true, true]
