0 -> 342
1 -> 252
2 -> 419
3 -> 464
4 -> 283
5 -> 966
6 -> 0
7 -> 965
8 -> 826
9 -> 0
10 -> 260
11 -> 91
12 -> 1005
13 -> 564
14 -> 950
15 -> 168
16 -> 562
17 -> 0
18 -> 585
19 -> 1029
20 -> 178
21 -> 1040
22 -> 0
23 -> 0
24 -> 134
25 -> 0
26 -> 784
27 -> 1025
28 -> 128
29 -> 894
30 -> 0
31 -> 778
32 -> 0
33 -> 131
34 -> 111
35 -> 649
36 -> 686
37 -> 266
38 -> 0
39 -> 34
40 -> 738
41 -> 664
42 -> 137
43 -> 771
44 -> 84
45 -> 0
46 -> 241
47 -> 466
48 -> 224
49 -> 0

