1:14 -> [false, true, true, false, true, true, true, true, false, true, false, true, false, true, true, true, false, false, true, false, true, false, true, true, false, false, true, false, true, true, true, true, false, true, true, true, true, true, false, false, true, false, true, true, false, false, false, true, false, true]
1:31 -> [false, true, true, false, true, true, true, true, false, true, false, true, true, false, true, true, false, false, true, false, true, false, true, true, false, false, true, false, true, false, true, true, false, true, true, true, false, true, false, false, true, false, true, true, false, false, false, true, false, true]
2:09 -> [false, true, true, false, true, true, true, true, false, false, false, true, false, false, false, true, false, false, true, false, false, false, true, true, false, false, true, false, true, false, true, true, false, false, false, true, false, false, false, false, true, false, true, true, false, false, false, false, false, true]
2:25 -> [false, true, true, false, true, true, true, true, false, false, false, false, false, false, false, true, false, false, true, false, false, false, true, true, false, false, true, false, true, false, true, true, false, false, false, true, false, false, false, false, true, false, false, false, false, false, false, false, false, true]
3:53 -> [false, true, false, false, false, false, false, false, false, true, false, false, false, false, false, true, false, false, false, false, false, false, false, true, true, false, false, false, true, false, false, true, false, false, false, true, false, false, false, false, false, false, false, false, false, true, false, false, true, false]
4:03 -> [false, false, false, false, false, false, false, false, false, true, false, false, false, false, false, true, false, false, false, false, false, false, false, false, true, false, false, false, true, false, false, true, false, false, false, true, false, false, false, false, false, false, false, false, false, true, false, false, true, false]
4:12 -> [false, false, false, false, false, false, false, false, false, true, false, false, false, false, false, true, false, false, false, false, false, false, false, false, false, false, false, false, true, false, false, true, false, false, false, true, false, false, false, false, false, false, false, false, false, true, false, false, true, true]
5:04 -> [false, false, false, false, false, true, false, false, false, true, false, false, false, false, false, true, true, false, false, false, false, false, false, false, false, true, false, false, false, false, false, false, false, false, false, true, false, false, false, false, false, false, true, false, false, false, false, true, false, true]
5:31 -> [false, false, false, false, false, false, false, false, false, true, false, false, false, false, false, false, true, false, false, false, false, false, false, false, false, true, false, false, false, false, false, false, false, false, false, true, false, false, false, false, false, false, false, false, false, false, false, true, false, true]
6:21 -> [false, false, false, false, false, false, false, false, false, true, false, true, false, false, false, false, true, false, false, false, false, false, false, false, false, true, false, false, false, true, false, false, false, false, false, false, false, false, false, false, false, false, true, false, false, false, false, false, false, true]
6:50 -> [false, false, false, false, false, false, false, false, false, true, false, true, false, true, false, false, true, false, false, false, false, false, false, false, false, true, false, false, false, false, true, false, false, false, false, false, false, false, false, false, false, false, true, false, false, false, false, false, false, false]
8:55 -> [false, true, false, false, true, false, false, false, false, false, false, false, false, false, false, false, false, true, false, false, false, false, false, false, false, true, false, false, false, false, false, true, false, false, false, false, false, false, false, false, true, false, false, false, false, false, false, false, true, false]
10:37 -> [false, false, false, false, false, false, false, false, false, false, false, false, false, false, false, false, false, false, false, true, false, false, false, false, false, true, false, false, false, false, false, false, false, false, false, false, false, false, false, false, false, false, false, false, false, false, false, false, false, false]
13:03 -> [true, false, false, false, false, false, false, false, false, false, false, false, false, false, false, false, true, false, true, true, false, false, false, false, true, false, true, false, true, false, false, false, false, false, false, false, false, false, false, false, false, false, false, false, false, false, false, false, false, false]
13:50 -> [false, false, false, false, false, false, false, false, false, false, false, false, false, false, true, false, false, true, false, false, false, false, false, false, false, false, true, false, false, false, false, false, false, false, false, false, false, true, false, false, false, false, false, false, false, false, true, false, false, false]
14:35 -> [false, false, false, false, false, false, false, false, false, false, false, false, false, false, false, false, false, false, false, false, false, false, false, false, false, false, false, false, false, true, false, false, false, false, false, false, false, true, false, false, false, false, false, false, false, false, true, false, false, false]
14:39 -> [false, false, false, false, false, false, false, false, false, true, false, false, false, false, false, false, false, false, false, false, false, false, false, false, false, false, false, false, false, true, false, false, false, false, false, false, false, true, false, false, false, false, false, false, false, false, false, false, false, false]
15:52 -> [true, false, false, false, false, false, false, false, true, false, false, false, false, false, true, false, false, false, false, false, false, false, false, false, false, false, true, false, false, true, false, true, false, true, false, false, false, false, false, false, false, false, false, false, false, false, false, false, false, false]
16:18 -> [false, false, false, false, false, false, false, false, true, false, false, false, false, false, true, false, false, false, false, false, false, false, false, false, false, false, false, true, false, true, false, true, false, true, false, false, false, true, false, false, false, false, false, false, false, false, false, false, false, false]
18:18 -> [false, false, false, true, true, true, true, false, false, false, true, false, false, false, false, false, false, false, false, true, false, false, false, false, false, false, false, true, false, false, false, true, false, true, false, false, false, false, false, false, false, false, false, false, false, false, false, true, false, false]
19:12 -> [false, false, false, false, true, true, false, false, false, false, true, false, false, false, false, false, true, false, false, true, false, true, false, false, false, false, false, false, false, false, false, true, false, false, false, false, false, false, true, false, false, false, false, false, false, true, false, true, false, false]
19:15 -> [false, false, false, false, true, true, false, false, false, false, true, false, true, false, false, false, true, false, false, true, false, true, false, false, false, false, false, false, false, false, false, true, false, false, false, false, false, false, true, false, false, false, false, false, false, false, false, true, false, false]
19:28 -> [false, false, false, false, true, true, false, false, false, false, true, false, true, false, false, false, true, false, false, true, true, true, false, false, false, false, false, false, false, false, false, true, false, false, false, true, false, false, true, false, false, false, false, false, false, false, false, true, false, false]
20:06 -> [false, false, false, false, true, true, false, false, false, false, false, false, true, false, false, false, true, true, false, true, true, false, true, false, false, true, false, false, false, false, false, true, false, false, false, true, true, false, true, false, false, false, false, false, false, false, false, false, false, true]
20:58 -> [false, false, false, false, true, false, false, false, false, false, false, false, false, false, false, false, true, false, false, true, true, false, true, false, false, true, false, false, false, false, false, false, false, false, true, true, true, false, true, false, false, false, false, false, false, false, true, false, false, true]
21:15 -> [false, false, false, false, true, false, false, true, false, false, true, false, true, false, false, false, true, false, false, false, true, false, true, false, true, true, false, false, false, false, false, false, false, false, true, true, true, false, false, false, false, false, false, false, false, false, true, false, false, true]
21:27 -> [false, false, false, false, true, false, false, true, false, false, true, false, false, false, false, false, true, false, true, false, true, false, true, false, true, true, true, false, false, false, false, false, false, true, true, true, true, false, false, false, false, false, true, false, false, false, true, false, false, true]
21:54 -> [false, false, false, false, true, false, false, true, false, false, true, false, false, false, false, false, true, false, true, false, true, false, true, false, true, true, true, true, false, false, false, false, false, true, true, true, true, false, true, false, false, false, true, true, false, true, true, false, false, true]
23:13 -> [false, true, true, false, false, true, true, true, true, true, true, false, false, true, false, true, true, true, true, true, true, false, true, false, true, true, true, true, false, true, true, false, false, true, true, true, true, true, true, false, true, true, true, true, true, true, true, true, false, true]
23:18 -> [false, true, true, false, false, true, true, true, true, true, true, false, false, true, false, true, true, true, true, true, true, false, true, true, true, true, true, true, false, true, true, false, false, true, true, true, true, true, true, false, true, true, true, true, true, true, true, true, false, true]
