0 -> 0
1 -> 482
2 -> 825
3 -> 0
4 -> 0
5 -> 0
6 -> 1178
7 -> 0
8 -> 451
9 -> 52
10 -> 0
11 -> 653
12 -> 543
13 -> 68
14 -> 94
15 -> 558
16 -> 119
17 -> 0
18 -> 310
19 -> 394
20 -> 0
21 -> 874
22 -> 0
23 -> 64

