0:06 -> [true, true, true, true, true, true, true, false, true, true, true, true, true, true, true, true, true, true, true, true, true, true, true, true, true, true, true, true, true, true, true, true, true, true, true, true, true, true, true, true, true, true, true, true, true, true, true, true, true, true]
0:43 -> [false, true, true, true, true, false, true, false, false, true, true, true, true, true, true, true, false, true, false, false, true, true, true, true, true, true, true, true, true, true, true, true, true, true, true, true, true, true, true, true, true, true, true, true, true, true, false, true, false, true]
1:56 -> [false, true, true, false, false, false, false, false, false, true, false, true, true, true, true, false, false, true, false, false, true, true, false, true, true, true, false, true, true, false, false, true, true, true, true, false, true, true, true, false, false, true, true, true, false, true, true, false, false, true]
1:58 -> [false, true, true, false, false, false, false, false, false, true, false, true, true, true, true, false, false, true, false, true, true, true, false, true, true, true, false, true, true, false, false, true, true, true, true, false, true, false, true, false, false, true, true, true, false, true, true, false, false, true]
2:15 -> [false, false, true, false, false, false, false, false, false, true, false, true, true, true, true, false, false, true, false, true, true, true, false, true, true, true, false, true, true, false, false, true, true, true, true, false, true, false, false, false, false, true, true, true, false, false, true, false, false, true]
3:32 -> [false, false, true, true, false, false, false, false, false, true, false, true, true, false, true, false, false, true, false, false, false, true, false, true, true, true, false, true, true, false, false, true, false, true, true, false, true, true, true, false, false, false, true, true, false, false, true, false, false, true]
3:44 -> [false, false, true, true, false, false, false, false, false, true, false, true, false, false, true, false, false, true, false, false, false, true, false, true, true, true, false, true, true, false, false, true, false, true, false, false, false, true, true, false, true, false, true, true, false, false, true, false, false, true]
3:55 -> [false, false, false, true, false, false, false, false, false, true, false, true, false, false, true, false, false, true, false, false, false, true, false, true, false, true, false, true, true, false, false, true, false, true, false, false, false, true, false, false, true, false, true, true, false, false, false, false, false, true]
4:07 -> [false, false, false, true, false, false, false, false, false, true, false, true, false, false, true, false, false, true, false, false, false, true, false, true, false, true, false, true, true, false, false, false, false, true, false, false, false, true, false, false, true, false, true, true, false, false, false, false, false, true]
4:37 -> [false, false, false, false, false, false, false, false, false, true, false, false, false, false, true, false, false, true, false, false, false, true, false, true, false, false, false, true, false, false, false, false, true, false, false, false, false, true, false, true, true, false, true, true, false, false, false, false, false, false]
4:40 -> [false, false, false, false, false, false, false, false, false, false, false, false, false, false, true, false, false, true, false, false, false, true, false, true, false, false, false, true, false, false, false, false, true, false, false, false, false, true, false, true, true, false, true, true, false, false, false, false, false, false]
6:33 -> [false, false, false, false, false, false, false, false, false, false, false, false, false, false, false, false, true, false, false, true, false, false, false, false, false, false, false, false, false, false, false, false, true, false, false, false, false, false, false, true, false, false, false, false, false, false, false, false, false, false]
7:50 -> [false, false, false, true, false, false, true, false, false, false, false, false, false, false, true, false, false, true, true, true, true, true, false, false, false, false, false, false, false, false, false, false, false, false, false, false, false, false, false, false, false, false, false, false, false, false, false, false, false, false]
8:20 -> [false, false, false, true, false, false, true, false, false, true, false, false, false, false, true, false, false, true, false, true, false, true, false, true, false, false, false, false, false, false, false, false, false, false, false, false, false, false, false, false, false, false, false, false, false, false, false, false, false, false]
9:50 -> [false, false, false, false, false, false, false, false, false, false, false, false, false, true, false, false, false, true, true, false, false, true, false, false, false, false, false, false, false, false, false, false, false, false, true, false, false, false, false, false, false, false, false, false, false, false, false, false, false, false]
10:45 -> [true, false, false, false, false, false, false, false, false, false, false, false, false, true, false, false, false, true, false, false, false, false, false, false, false, false, false, false, false, false, false, false, false, true, false, false, false, false, false, false, false, true, false, false, false, false, false, true, false, false]
10:58 -> [false, false, false, false, false, false, false, false, false, false, false, false, false, true, false, false, false, false, false, false, false, false, false, false, false, false, false, false, false, false, false, false, false, true, false, false, false, false, false, false, false, false, false, false, false, false, false, true, false, false]
11:04 -> [false, false, false, false, false, false, true, false, false, false, false, false, false, false, false, false, false, false, false, false, false, false, false, false, false, false, false, false, false, false, false, false, false, true, false, false, false, false, false, false, false, false, false, false, false, false, false, true, false, false]
11:17 -> [false, false, false, false, false, false, true, false, false, false, false, false, false, false, false, false, false, false, false, false, false, false, false, false, false, false, false, false, false, false, false, false, true, false, false, false, false, false, false, false, false, false, false, false, false, false, false, true, false, false]
11:51 -> [true, true, false, false, false, false, true, false, false, false, false, false, false, false, false, false, false, false, false, false, false, false, false, false, false, false, false, false, false, false, false, false, false, false, false, false, false, false, false, true, false, false, false, false, false, false, false, false, false, false]
12:00 -> [false, true, false, false, false, false, false, false, false, false, false, false, false, false, false, false, false, false, false, false, false, false, false, false, false, false, false, false, false, false, false, false, false, false, false, false, false, false, false, true, false, false, false, false, false, false, false, false, false, false]
12:16 -> [false, false, false, true, false, false, false, false, false, false, true, false, false, false, false, false, false, false, false, false, true, false, false, false, false, false, false, false, false, false, false, false, false, false, false, false, false, false, false, false, false, false, false, false, false, false, false, false, false, false]
13:38 -> [false, false, false, false, false, false, false, true, true, false, true, false, false, false, false, false, false, false, false, true, false, true, false, true, false, false, false, false, false, true, false, false, false, true, false, false, false, false, false, false, false, false, false, false, false, false, false, false, false, false]
14:26 -> [false, true, true, false, false, false, false, false, true, false, false, false, false, true, false, false, false, false, true, false, false, false, false, false, false, false, false, false, true, true, false, false, false, true, false, false, true, false, false, false, false, false, false, false, false, false, false, false, false, false]
14:56 -> [false, false, true, false, false, false, false, false, false, false, false, false, false, true, false, false, false, false, false, false, false, false, false, true, false, false, false, false, true, false, false, false, false, false, false, false, true, false, false, false, false, false, false, false, false, false, false, false, false, false]
17:20 -> [false, false, false, true, false, false, false, false, false, false, false, false, false, false, false, false, false, false, false, false, false, false, false, false, true, false, false, false, true, true, false, false, false, false, true, false, true, false, false, false, false, false, false, false, true, false, false, true, false, false]
21:24 -> [true, true, false, false, true, false, false, true, false, true, false, false, true, true, false, true, true, true, false, false, true, true, true, true, false, false, true, true, true, false, false, false, false, true, false, true, true, true, false, false, true, true, false, false, true, false, false, false, true, true]
21:30 -> [true, true, false, false, true, false, false, true, false, true, false, false, true, true, false, true, true, true, false, false, true, true, true, true, true, false, true, true, true, false, false, false, false, false, false, true, true, true, false, false, true, true, false, false, true, false, false, false, true, true]
21:53 -> [true, true, true, false, true, true, false, true, false, true, false, false, true, true, false, true, false, true, false, true, true, true, true, true, true, false, false, true, true, false, true, false, false, false, true, true, true, true, true, false, true, true, false, true, true, false, false, true, true, true]
22:49 -> [true, true, true, false, true, true, false, true, true, true, true, false, true, true, false, true, false, true, true, true, true, false, true, true, true, true, false, true, true, false, true, true, true, false, true, true, true, true, true, false, true, true, false, false, true, false, false, true, true, true]
