0:43 -> [true, true]
1:18 -> [true, true]
1:26 -> [true, true]
2:35 -> [true, true]
4:55 -> [true, true]
5:04 -> [true, true]
5:30 -> [true, true]
6:36 -> [true, true]
8:52 -> [false, false]
9:09 -> [false, false]
9:11 -> [false, false]
9:13 -> [false, false]
12:13 -> [true, true]
12:37 -> [true, true]
13:14 -> [true, true]
13:16 -> [true, true]
13:19 -> [true, true]
13:43 -> [true, true]
14:16 -> [true, true]
14:46 -> [true, true]
15:06 -> [true, true]
15:36 -> [true, true]
17:36 -> [false, false]
18:44 -> [true, false]
19:40 -> [true, false]
22:21 -> [true, true]
22:49 -> [true, true]
23:37 -> [true, true]
23:45 -> [true, true]
23:57 -> [true, true]
