0:21 -> [true, true, true, true, true, true, true, true, true, true, true, true, true, true, true, false, true, true, true, true, true, true, true, true, true, true, true, true, true, true, true, true, true, true, true, true, false, true, true, false, true, true, true, true, true, true, true, true, true, true]
1:44 -> [true, false, false, true, true, false, true, true, true, true, false, true, true, true, true, false, false, true, true, true, true, true, false, true, true, false, true, true, true, false, true, true, true, true, true, true, false, true, true, false, true, false, true, true, true, true, false, false, true, true]
1:56 -> [true, false, false, true, true, false, true, true, true, true, false, true, true, true, true, false, false, true, true, true, true, true, false, true, true, false, true, true, true, false, true, true, true, true, true, true, false, true, true, false, true, false, true, false, true, true, false, false, true, true]
1:58 -> [true, false, false, true, true, false, true, true, true, true, false, true, true, true, true, false, false, true, true, true, true, true, false, true, true, false, true, true, true, false, true, true, true, true, true, true, false, true, true, false, true, false, true, false, false, true, false, false, true, true]
2:07 -> [true, false, false, true, true, false, true, true, true, true, false, true, true, true, false, false, false, true, true, false, true, true, false, false, true, false, true, true, true, false, true, true, true, true, true, true, false, false, true, false, true, false, true, false, false, true, false, false, true, true]
2:13 -> [true, false, false, true, true, false, true, true, true, true, false, true, true, true, false, false, false, true, true, false, true, true, true, false, true, false, true, true, true, false, true, true, true, true, true, true, false, false, true, false, true, false, true, false, false, true, false, false, true, true]
3:50 -> [false, false, false, false, false, false, false, false, true, true, false, false, false, false, false, false, false, true, true, false, true, true, true, false, true, false, false, false, true, false, false, false, true, false, false, true, false, false, true, false, false, true, true, false, false, true, false, false, true, true]
4:09 -> [false, false, false, false, false, false, false, false, false, true, false, false, false, false, false, true, false, true, true, false, true, true, true, false, true, false, false, false, false, false, false, false, true, false, false, true, false, false, true, false, false, true, true, false, false, false, false, false, true, true]
4:29 -> [false, false, false, false, false, false, false, false, false, false, false, false, false, false, false, true, false, true, true, false, true, true, true, false, true, false, false, false, false, false, false, false, false, false, false, false, false, false, true, false, false, false, true, false, false, false, false, false, true, false]
4:47 -> [false, false, false, false, false, false, false, false, false, false, false, false, false, false, false, true, false, true, true, false, true, false, true, false, false, false, false, false, false, false, false, false, false, false, false, false, false, false, false, false, false, false, true, false, false, false, false, false, true, false]
5:57 -> [false, false, false, false, false, false, false, false, false, false, false, false, false, false, false, true, false, false, false, false, false, false, false, false, false, false, false, false, false, false, false, false, false, false, false, false, false, false, false, false, false, false, false, false, false, false, false, false, false, false]
6:31 -> [false, false, false, false, true, false, true, false, false, false, false, false, false, false, false, false, false, false, false, true, false, false, false, false, false, false, false, false, false, false, false, false, false, false, false, false, false, true, false, false, false, false, false, false, false, false, false, false, true, false]
7:53 -> [false, true, false, false, false, false, true, true, false, false, false, false, false, false, false, false, false, false, true, false, false, false, false, true, false, false, false, false, false, false, false, false, false, false, false, false, false, false, true, false, false, false, false, false, false, false, true, false, false, false]
10:08 -> [false, false, false, false, false, false, false, false, false, false, false, false, false, true, false, false, false, false, false, false, false, false, false, false, false, false, false, false, false, false, true, false, false, false, false, true, false, false, true, false, false, true, false, false, true, false, false, false, false, false]
10:10 -> [false, false, false, false, false, false, false, false, false, false, false, false, false, true, false, false, false, false, false, false, false, false, false, false, false, false, false, false, false, false, true, false, false, false, false, true, false, false, true, false, false, true, false, false, true, false, false, false, false, false]
10:37 -> [false, false, false, false, false, false, false, false, false, false, false, false, false, true, false, false, true, false, false, false, false, true, false, false, false, false, true, false, false, false, false, false, false, false, false, true, false, false, false, false, false, true, false, false, true, false, false, false, false, false]
14:32 -> [true, true, false, false, false, false, false, false, false, false, false, false, false, false, true, false, false, false, false, false, false, true, false, false, false, false, false, false, false, false, false, false, false, false, false, false, true, false, false, false, false, false, false, false, false, false, false, false, false, false]
14:41 -> [true, false, false, false, false, false, false, false, false, false, false, false, false, false, true, false, false, false, false, false, false, true, false, false, false, false, false, false, false, false, false, false, false, false, false, false, true, false, false, false, false, false, false, false, false, false, false, false, false, false]
15:32 -> [false, false, false, false, false, false, false, false, false, false, false, false, true, false, false, false, false, false, false, false, false, false, false, false, false, false, false, false, false, false, false, false, false, false, false, false, false, true, false, false, false, false, true, false, false, false, false, false, false, false]
15:37 -> [false, false, false, false, false, false, false, false, false, false, false, false, true, false, false, false, false, false, false, false, false, false, false, false, false, false, false, false, false, false, false, false, false, false, false, false, false, true, false, false, false, false, true, false, false, false, false, false, false, false]
15:43 -> [false, false, false, false, false, false, false, false, false, false, false, false, true, false, false, false, false, false, false, false, false, false, false, false, false, false, false, false, false, false, false, false, false, false, false, false, false, true, false, false, false, false, true, false, false, false, false, false, false, true]
16:26 -> [false, false, true, false, false, false, false, false, false, false, false, false, false, false, true, false, false, false, false, false, true, false, true, false, false, false, false, false, true, false, false, false, false, false, false, false, false, true, false, false, false, false, true, false, false, false, false, false, false, true]
17:49 -> [false, false, true, false, false, false, false, false, false, false, false, false, false, false, false, false, false, false, false, false, false, false, false, false, false, false, false, false, false, false, false, false, false, false, false, false, false, false, false, false, false, false, false, false, false, false, false, false, false, false]
18:17 -> [false, false, false, false, false, false, false, false, false, false, false, false, false, false, false, true, false, false, false, false, false, false, false, false, false, false, false, false, false, false, false, false, false, false, true, false, false, false, false, false, false, false, false, false, true, false, false, false, false, false]
19:05 -> [false, true, false, true, false, false, false, false, false, false, false, true, false, true, false, false, false, false, false, false, false, false, true, false, false, false, false, false, false, false, false, false, false, false, false, false, false, false, false, false, false, false, false, false, false, false, false, false, false, false]
19:41 -> [false, true, false, false, false, false, false, false, false, false, false, true, false, true, false, false, false, false, false, false, false, false, true, false, false, false, false, false, false, false, false, false, false, false, false, true, false, false, false, true, true, true, false, false, false, false, false, false, false, false]
21:49 -> [true, true, true, false, false, true, true, false, false, true, false, true, true, true, true, true, false, false, true, false, true, false, true, false, true, true, false, true, true, false, true, false, false, false, true, true, false, false, true, false, false, true, false, false, false, true, false, false, true, true]
22:27 -> [true, true, true, false, true, true, true, true, true, true, false, true, true, true, true, true, true, false, true, false, true, false, true, false, true, false, false, true, true, false, true, false, false, false, true, true, false, false, true, true, true, true, true, false, false, true, false, false, true, true]
22:43 -> [true, true, true, false, true, true, true, true, true, true, true, true, true, true, true, true, true, false, true, false, true, true, true, false, true, false, false, true, true, false, true, false, true, false, true, true, false, false, true, true, true, true, true, false, false, true, false, false, true, true]
22:54 -> [true, true, true, true, true, true, true, true, true, true, true, true, true, true, true, true, true, false, true, false, true, true, true, false, true, false, false, true, true, false, true, false, true, false, true, true, false, false, true, true, true, true, true, false, false, true, false, false, true, true]
