0 -> 276
1 -> 816
2 -> 934
3 -> 0
4 -> 274
5 -> 323
6 -> 880
7 -> 414
8 -> 173

