0:47 -> [true, true, true, true, true, true, true, true, true, true, true, true, true, true, false, true, true, false, true, true, true, true, false, true, true, true, true, false, true, true, true, true, true, true, true, true, true, true, true, true, true, true, true, true, true, true, true, false, false, false]
1:25 -> [true, true, false, true, true, true, true, true, true, false, true, true, true, false, false, true, true, false, true, true, true, true, false, true, true, true, true, false, true, true, true, true, true, true, true, true, true, true, true, true, true, true, false, false, true, true, false, false, false, false]
2:24 -> [true, true, false, false, true, true, true, true, true, false, true, true, true, false, false, false, true, false, false, false, false, false, false, true, true, true, true, false, false, false, true, true, true, true, true, true, false, true, true, true, true, false, false, false, true, true, false, false, false, false]
4:51 -> [true, false, false, true, true, true, true, false, false, false, false, false, false, false, false, false, false, true, false, false, false, false, false, false, true, false, false, false, false, false, false, true, true, true, false, true, false, false, false, true, false, true, false, false, true, false, false, false, false, false]
5:20 -> [true, true, false, true, true, false, false, false, false, false, false, false, false, false, true, false, false, false, false, false, false, false, false, false, true, false, false, true, false, false, false, true, true, true, false, false, false, false, true, true, false, true, false, false, true, false, false, false, false, false]
5:50 -> [true, true, false, true, true, false, false, false, false, false, false, false, false, false, false, false, false, false, false, false, false, false, false, false, true, false, false, true, false, false, false, false, false, false, false, false, false, true, true, false, false, true, false, false, true, false, false, false, false, false]
6:45 -> [false, true, false, false, false, false, false, false, false, false, false, false, false, true, false, false, false, false, false, false, false, false, false, false, false, false, false, false, false, false, false, false, false, false, true, false, false, false, false, false, false, false, false, false, true, false, false, true, false, false]
7:22 -> [false, true, false, false, false, false, false, false, false, false, false, false, false, false, false, false, false, false, false, false, false, false, false, false, false, false, false, false, false, false, false, false, false, false, true, false, false, false, false, false, false, false, false, false, true, false, false, false, false, false]
7:44 -> [false, true, false, false, false, false, false, false, false, false, false, false, false, false, true, true, false, false, false, false, false, false, false, true, false, true, false, false, false, false, false, false, false, false, true, false, false, false, false, false, false, false, false, false, false, false, false, false, false, false]
9:08 -> [false, false, true, false, false, false, false, false, false, false, false, false, false, false, false, false, false, false, false, false, false, false, true, false, false, true, false, true, false, false, false, false, true, true, false, false, false, false, true, false, false, false, false, false, false, true, false, false, false, false]
10:14 -> [false, false, false, false, false, false, false, false, false, false, false, false, false, false, false, false, false, true, true, false, false, false, false, false, false, false, false, false, false, false, false, false, true, true, false, false, false, false, false, false, true, true, false, false, false, false, false, false, false, false]
10:44 -> [false, false, false, false, false, false, false, false, false, false, false, false, false, false, false, false, false, true, false, false, false, false, false, false, false, false, false, false, false, false, false, false, false, false, false, false, false, false, false, false, false, true, false, true, false, false, false, false, true, false]
10:46 -> [false, false, false, false, false, false, false, false, false, false, false, false, false, false, false, false, false, true, false, false, false, false, false, false, false, false, false, false, false, false, false, false, false, false, false, false, false, false, false, false, false, true, false, true, false, false, false, false, true, false]
11:03 -> [false, false, false, false, false, false, false, false, false, false, false, false, false, false, false, false, false, true, false, false, false, false, false, false, false, false, false, false, false, false, false, false, false, false, false, false, false, false, false, false, false, false, false, true, false, false, false, false, true, false]
11:13 -> [false, false, false, false, false, false, false, false, false, false, false, false, false, false, false, false, false, true, false, false, false, false, true, false, false, false, false, false, false, true, false, false, false, false, false, false, false, false, false, false, false, false, false, true, false, false, false, false, true, false]
14:22 -> [false, false, false, false, false, false, false, false, false, false, false, false, false, false, false, false, false, false, false, false, false, true, false, false, false, false, false, true, false, true, true, false, false, false, false, false, false, false, true, false, false, false, false, true, false, false, false, false, false, true]
14:37 -> [false, false, false, false, false, false, false, false, false, false, false, false, false, false, false, false, false, false, false, false, false, false, false, false, true, false, false, false, false, false, true, false, false, false, false, false, false, false, true, false, false, false, false, false, false, false, false, false, false, true]
14:43 -> [false, false, false, false, false, false, false, false, false, false, false, false, false, false, false, false, false, false, false, false, false, false, false, false, true, false, false, false, false, false, true, false, false, false, false, false, false, false, true, false, false, false, false, false, false, false, false, false, false, true]
14:57 -> [false, false, true, false, false, false, false, false, true, false, false, false, false, false, false, false, false, false, false, false, false, false, false, false, true, false, false, false, false, false, true, false, false, false, false, false, true, false, false, true, false, false, false, false, false, false, false, false, false, true]
16:28 -> [false, false, false, false, false, false, false, true, false, false, true, false, false, false, false, false, false, false, false, false, false, true, true, false, false, false, false, false, false, false, false, false, true, false, false, false, false, false, false, true, false, false, false, false, false, false, false, false, false, false]
16:31 -> [false, false, false, false, false, false, false, true, false, false, false, false, false, false, false, false, false, false, false, false, false, true, true, false, false, false, false, false, false, false, false, false, true, false, false, false, false, false, false, true, false, false, false, false, false, false, false, false, false, false]
16:45 -> [false, false, false, false, true, false, false, true, false, false, false, false, false, false, false, false, false, false, false, false, false, true, false, false, false, false, false, false, false, false, false, false, true, false, false, false, false, false, false, false, false, false, false, false, false, false, false, false, false, false]
16:52 -> [false, true, false, false, true, false, false, true, false, false, false, false, false, false, false, false, false, false, false, false, false, true, false, false, false, false, false, false, false, false, false, false, true, false, false, false, false, false, false, false, false, false, false, false, false, false, false, false, false, false]
17:10 -> [false, true, false, false, false, false, false, false, false, false, false, false, false, false, false, false, false, false, false, false, false, true, false, false, false, false, false, false, false, false, false, false, true, false, false, false, false, false, false, false, false, false, false, false, false, false, false, false, false, false]
18:11 -> [false, false, false, false, false, false, false, false, false, false, false, false, false, false, false, false, false, false, false, false, false, false, false, false, false, false, false, true, false, false, false, false, false, true, false, false, false, false, false, false, false, false, false, true, false, false, false, true, true, false]
18:46 -> [false, false, false, false, false, false, false, false, false, false, false, false, false, false, false, false, false, false, false, false, false, false, false, false, false, false, false, false, false, true, false, false, false, true, false, false, false, false, false, false, false, false, false, false, false, false, false, true, false, false]
19:59 -> [false, false, false, false, true, false, true, true, true, false, false, false, true, false, false, false, false, false, false, false, false, true, false, false, true, false, true, false, false, true, false, true, false, false, true, true, false, false, false, false, false, false, false, false, false, false, false, false, false, true]
21:13 -> [false, false, false, true, true, false, false, true, true, false, false, true, true, false, false, false, false, false, true, false, false, false, false, false, true, false, true, true, false, false, false, false, false, true, false, true, false, false, false, true, false, false, false, true, true, false, true, true, false, false]
21:42 -> [false, false, false, true, true, false, false, true, true, false, false, true, true, false, false, false, false, false, true, false, false, false, false, false, true, false, true, true, false, false, true, false, false, true, false, true, false, false, false, true, false, true, false, true, false, false, true, true, false, false]
23:50 -> [true, true, true, true, true, true, false, true, true, true, true, true, true, true, true, true, true, true, true, true, true, true, true, true, true, true, true, true, true, true, true, true, true, true, true, true, true, true, true, true, true, true, true, true, true, true, true, true, true, true]
