[abf, acu, adm, adq, adr, age, ahl, aik, ajo, anb, aob, aoi, apc, aqh, ars, ary, asj, aso, awc, azb, bac, bad, ban, bdf, beq, bff, bfi, bfi, bjb, bkv, bmd, bmx, bnk, bnp, bom, bpe, bqj, bqo, bqq, brv, bth, btm, btz, buu, bya, bzx, cba, ccq, cda, ceb, cec, cfd, cfn, cfr, cfu, cfv, cgw, cif, ckl, cpy, ctl, cvt, cwu, cxk, cxw, cyk, cyv, czg, czk, dav, day, dbi, dby, dcg, dcm, dct, deb, deb, dfm, dfs, djm, dlj, dlw, dmo, dmw, dmx, dom, dox, drz, dti, dvv, dvx, dxg, dxo, dzf, dzo, dzs, dzw, eav, ebn, ech, eeh, eep, eer, eex, ehf, ehh, ehh, eji, ejr, ekd, ekj, eld, elu, eob, eov, eqv, erj, esk, evf, evz, ewt, ezu, fao, fbl, fci, fcs, fff, ffg, ffu, fku, fme, fml, foa, fra, frr, frs, fsa, fsj, fyg, fyq, fyt, fyx, fzw, fzz, gab, gas, gcp, gdn, gea, ggg, gie, gip, gjk, gjp, gjt, gkx, gls, gng, gnx, gol, gph, gpw, gsv, gtr, guj, gve, gwf, gyi, gyw, gzd, had, hbc, hcc, hcd, hdc, hea, heh, hgq, hhf, hjj, hjp, hju, hku, hla, hox, hsf, hvm, hwb, hws, hxi, hzm, hzw, iat, ibj, ibr, icz, idj, iem, ien, iep, ifh, igu, ikr, iln, iof, ios, iow, ioy, ipc, ipm, ipo, irf, irg, isn, isu, itc, iub, iwu, ixr, izh, jaw, jbv, jdi, jeq, jfi, jgm, jij, jlg, jlh, jmd, jmv, jnf, jog, joh, jon, jqb, jqp, jrb, jrl, juj, jvf, jxa, jyn, jzz, kcy, kdl, kei, kff, khb, kia, kkb, kks, kmc, kmw, kna, kqr, krj, ksv, ktr, kts, ktw, kvi, kvq, kwe, kwi, kxt, kyl, kyp, lbi, lbm, lbz, lcb, leg, lfa, lga, lhl, lhu, lit, ljh, lkh, lkj, lkl, lks, lks, lli, lpk, lrl, lru, lsd, lss, lsz, luc, luq, luw, lvb, lyq, lza, lze, man, mdt, mfd, mff, mfj, mfz, mgv, mim, mkn, mkr, mlm, mmj, mng, mod, mom, mpa, mpq, mpu, mqr, mqx, mtc, mvw, mwh, mxv, nah, nbt, ncl, ndc, ndj, nfo, nfv, niq, nkn, nlc, nmg, nmq, nnw, noz, npa, nrm, ntl, nwq, oak, ocu, oec, ofu, ogs, ogv, ohe, ohm, ohu, oiu, oki, olp, onm, oof, ope, opo, oqe, oqu, ose, osf, ovg, ovz, owb, owx, oxm, oye, oyj, oyl, ozt, pav, pbh, pbt, pgd, pgh, phq, pif, pla, pln, plt, pml, pnb, ppt, pqp, psk, ptj, ptp, pvi, pza, pzz, qcm, qdn, qem, qer, qgp, qhf, qhi, qis, qju, qkm, qkn, qkq, qlr, qmw, qqj, qqv, qrg, qsl, qun, qvi, qvu, rbc, rbv, rcd, rdh, rdz, rjb, rjy, rkm, rlv, rni, rnl, roo, rpx, rru, rsb, rti, rue, rwb, rxb, ryf, ryo, rzo, sbb, scp, sdk, see, sef, sfr, shs, shu, sid, sma, smy, sns, sqe, sqi, sqt, ssn, svf, swx, sxj, sym, syn, szw, szx, szy, tbx, tcc, tcd, tea, tfn, tkl, tmi, tnm, tnn, toe, ton, tqa, trq, tus, tvm, txm, tyk, tzk, ubb, ufg, ufn, ugb, uhc, uhj, uhr, uih, uij, uli, umb, unx, uop, upg, usc, usu, uto, uuy, uvv, uww, uxe, uxu, uxz, uzc, uzf, uzm, uzn, uzs, uzu, vak, vav, vcz, vef, ver, vgd, vhy, vii, vit, vjc, vlg, vlu, vlx, vlz, vnb, vob, vog, vpe, vsa, vuc, vvb, vvs, vxw, vzz, wah, wbe, wbs, wca, wcb, wch, wcp, wcr, wds, wfo, wgz, whc, wib, wjd, wkv, wkw, wlh, wns, wnw, wnz, woi, wor, wph, wqa, wse, wsr, wtq, wua, wvc, wvv, wxd, wxi, wxl, wyx, wzv, xap, xau, xcy, xed, xfb, xfj, xgp, xgr, xit, xjc, xjy, xkm, xlf, xly, xmf, xng, xnh, xnu, xps, xqa, xsg, xup, xvz, xwc, xxi, xzr, xzv, ycl, ycx, yda, yjd, ykn, ylc, ylg, ylk, ylm, ymo, ymw, ynj, yps, yrl, yrr, ysi, ytn, yuy, yvh, yxj, zcc, zek, zfl, zge, zhq, zjw, zkg, zlg, zlz, znx, zpr, zpu, zpy, zqq, zrm, zrn, zry, ztm, zuw, zyp, zzk]
