[aad, aan, aau, abd, abl, add, afd, ahm, ahr, ajf, ajo, ajt, ajw, ajy, amz, anc, aqv, ara, ari, asy, aug, avt, awn, awy, axf, axh, axw, axx, axz, bdk, bdv, bea, bfq, bgw, bhl, bjg, bjs, bla, bmw, bne, bni, bnm, bqc, bqd, bqh, bqw, bte, bvb, bwo, bxp, bxw, byp, byx, byz, bzj, cat, ccr, ccw, cdj, cee, ceh, cgn, cie, cip, cjh, cjy, ckk, ckw, cls, cmh, cml, cno, coo, cpq, cqr, cqz, cre, csc, cwd, cwv, cyl, czx, dbt, dca, dcb, dcc, dcd, deb, del, dgc, dif, djd, dlh, dlp, dms, dmu, dpn, dqb, dqw, drl, dsb, dto, dvb, dwx, dwz, dxb, dxi, dxy, dzt, dzv, eae, eaj, eaq, eas, ebh, efl, ehb, ehe, ekg, ekw, ele, eml, emx, epj, eqs, ett, eui, evo, ewb, ewg, eya, eyi, ezc, eze, fak, fbd, fbg, fbl, fcf, fcr, fcw, ffk, ffz, fkw, flc, fmh, fna, fnc, fnw, fov, fow, fqn, ftb, ftc, ftf, fun, fur, fux, fwj, fyr, fzc, fzf, gae, gbu, gcc, gcj, gdo, gee, geg, gfk, gfp, gfr, gge, ggf, ghh, ghm, ghp, glh, gly, gmd, gmy, gng, gnj, gou, gpf, gqb, grc, gre, grh, gry, gsd, gtl, gtt, gvc, gvl, gvm, gwb, gwk, gxv, hab, hak, haw, hbz, hcs, hdi, hdm, hds, hdx, heb, hek, hfb, hfc, hhs, hip, hjn, hlg, hnf, hpx, hqd, hqj, hqp, hra, hry, hsw, hsz, hty, hua, hwl, hxf, hxq, hyu, hza, hzv, iaq, ibc, ibi, ibn, ice, icl, ics, idh, iec, ier, iff, ifx, igc, igq, igv, ijb, ilq, ilu, iml, imx, ind, inf, ioe, iox, ipk, irp, isi, itn, itv, iva, ivn, ivz, iwj, ixb, ixq, iyq, jcc, jds, jeo, jgs, jhk, jhp, jis, jiz, jjl, jjs, jko, jks, jlg, jli, jmf, jmt, jnw, jnz, jpk, jpv, jqc, jsj, jup, jvh, jxg, jxk, jxn, jxs, jxz, jys, jyt, kaq, kar, kbl, kdt, kdw, kei, kfa, kfh, kgn, kid, kig, kij, kkb, klw, kmy, kny, koc, kpk, kqh, kqo, kqv, kra, kui, kuq, kwf, kwh, kxe, lbs, ldf, lea, les, lev, lgo, lgp, lgt, lhi, lic, lit, liv, ljo, lkp, lky, lls, lmn, lna, lnc, lnp, lof, lot, lpt, lpw, lqi, lqm, lsf, lsg, lsk, lte, lts, lui, lyj, lzj, maa, mbw, mcs, mgj, mhz, mia, mie, mig, mih, mji, mju, mkn, mlf, mnc, mnd, mnl, mnm, mnv, mpy, mqs, msc, mst, muc, mvb, mvq, mxn, mxx, myo, mzm, naa, nar, ncf, nfq, ngp, ngq, ngz, nhd, nir, nka, nml, nok, npi, nqe, nrr, nsa, nsd, nsw, nsz, nvq, nxn, nyb, nym, nyo, nzi, nzo, obb, obw, ocz, oda, oes, ofb, ofx, ogm, ogo, ohw, oic, oiw, ojq, onc, ong, onj, orr, osk, ots, ovq, owh, owm, ows, oxh, oxk, oxs, oym, oys, oyu, ozv, pbj, pdj, per, pfb, pfg, pfx, pfy, pgt, phm, piw, pks, pnk, pnr, ppp, pqa, pqx, prt, ptz, pvc, pvh, pvj, pxa, pxg, pzb, pzc, pzl, qbc, qbv, qfe, qfm, qfz, qgx, qhl, qhu, qjb, qjc, qjs, qju, qkc, qkl, qkq, qkw, qlh, qlo, qlu, qmm, qmp, qng, qoa, qoh, qrp, qrz, qsf, qsq, qub, qvf, qvz, ras, rda, rdq, rei, rfp, rgf, rgx, rin, riu, rji, rkv, rmd, rmm, roi, rse, rsr, rsw, rtf, rtg, rto, rtu, ruc, ruv, rwc, rzt, saa, sab, sap, sck, sds, sel, sfc, sga, sgg, shb, siq, smq, soc, sqq, ssg, ssx, svd, sxl, sxn, sxw, tam, taz, tdb, tdy, tee, tej, tfb, tgo, tgt, tib, tio, tjb, tjj, tkg, tkk, tlk, tnx, toy, tpn, tqu, tqy, trk, tsq, tus, tvv, tyu, tzv, ubj, ubq, udt, uet, uex, ugk, uin, uit, ukc, umr, ums, umx, uni, uoa, uod, uok, upl, uri, urr, uru, usk, uss, utb, uvd, uvq, uwf, uxd, uxj, vcf, vcg, vdb, vdi, veb, vfm, vgd, vge, vgn, vhe, vhi, vhk, vie, vjd, vjg, vkh, vlu, vlz, vmg, vom, vpj, vts, vuc, vwi, vww, vxa, vxy, vyg, wbo, wdu, wfi, wgq, whl, whn, wih, wng, wnt, wod, won, wph, wpp, wqi, wra, wti, wxk, wza, wzl, wzy, xas, xbo, xcg, xej, xfh, xig, xmx, xnw, xou, xpb, xqd, xqs, xqy, xsh, xss, xta, xuo, xwr, xxl, xxw, yat, yav, ybc, ybn, ybp, yby, ycz, yda, yex, ygu, yhd, yhg, yhi, yhj, yju, yjx, ylf, ynq, yoo, ypl, ypp, yqu, yqx, yrx, yss, yuy, yvw, ywh, ywu, yxx, yyy, yze, yzk, yzz, zae, zbp, zee, zfh, zfi, zfy, zjr, zlg, zmn, zmw, zop, zph, zqd, zql, zrp, zsa, zsq, zvr, zwa, zwg, zxn, zys, zzg]
