[aao, aat, abi, aca, adj, afw, ahg, ajq, ake, alw, anh, apr, aqx, ata, atc, auq, avg, awe, awl, awm, awv, axr, bbs, bdp, bgh, bht, big, bio, bjb, bke, bkh, bmr, bnf, bor, brt, buh, bwe, bwo, bya, byu, bzw, cau, cbu, ccd, cdg, cdy, cho, cil, cio, cjz, clf, clh, clx, cot, cpu, crf, cug, cwj, cws, cxs, cxt, cxv, cya, cyp, dak, das, dbl, dch, dck, dda, ddh, dej, dem, dfn, dgc, dgv, dhu, djp, dln, dlw, dmo, dnk, dri, dtk, dts, dtv, dvp, dxi, dxl, dxn, dxy, dzw, dzy, ead, ebv, ect, ecv, ecx, edi, edz, efs, egv, ehq, ein, ejs, emb, emi, emt, enf, epa, eqf, eqo, eqv, esa, etu, euf, evi, evn, evt, ewb, fdt, fek, fer, ffn, fic, fiq, fjx, fle, foa, fom, fos, fpd, fsk, fsv, fti, fua, fui, fvf, fwo, fzx, gak, gao, gav, gcw, gej, ggq, ghg, gjq, gms, gnv, gqz, gsq, gsw, gtl, guy, gvg, gwe, gwz, gyv, hap, hbb, hct, hef, her, hgv, hiy, hke, hmt, hnt, hnx, hoc, hql, hrt, htz, hut, hxg, hxz, hya, hyc, iak, iau, ibn, ibs, idp, ien, ieq, iew, igi, igi, igm, ihp, iin, ilk, ils, ioj, ira, irg, irp, isq, isx, itn, iuj, iuw, iwp, iwz, iyc, jbq, jbu, jbw, jdb, jec, jez, jgh, jhk, jig, jin, jiu, jjj, jkc, jnq, jpc, jru, jsu, jsz, jtc, jti, jwb, jxj, jxs, jym, jze, kbw, kei, kgs, khg, kjk, kqs, krl, ksc, ktl, ktm, ktx, kum, kvy, kwk, kxb, ldu, ldu, lfi, lgr, lhv, lin, ljj, ljo, lkf, lkt, lly, lmc, lot, lou, lrq, lth, lvn, lwa, lwx, lyq, lzb, lzj, lzv, lzw, maf, mai, mas, mav, mfp, mio, mjd, mlr, mlz, mmc, mpi, mtp, mtr, mur, mut, mvm, mvt, mwb, mwh, mwj, mwy, mxf, mzw, nar, nbh, nbp, nbt, ncv, nek, ner, nfs, nge, nhd, noh, now, npr, npv, nqx, nrs, nub, nuz, nva, nwg, nww, nye, nzq, oai, ocm, odx, ogn, ohl, ohr, oio, ooe, ory, otf, oue, ouj, ovw, oxh, pap, pbm, pcj, pdp, pdz, pgg, pjb, pnd, pnt, pog, pqj, prz, pud, puj, pwn, pxe, pxr, pxs, pzg, qal, qaw, qcb, qcf, qcp, qda, qgc, qgm, qhp, qkr, qoa, qqj, qtq, qut, quw, qvg, qvj, qvw, qwh, qzx, raj, rau, rcj, rfb, rgp, rho, rhs, rht, ric, rkp, rlb, rlz, rmz, rny, rrr, rrv, rsi, rsm, rsu, rwb, ryw, rzm, sao, sbs, scs, sek, ser, sie, sjx, skh, skp, slb, sls, smv, sov, spq, spy, srf, stz, svp, swf, szn, tap, tbu, tcd, tda, til, tiy, tlm, tls, tmu, tur, tux, txs, tyh, ubg, ubs, udg, udj, udx, uec, ufx, ugk, uio, uiz, ujo, ujt, uli, umx, unt, uph, upz, urc, urt, ush, usw, usz, uub, uvr, uwb, uwd, uwv, vaz, vbb, vbd, vbx, vet, vli, vmh, vmy, vnm, vog, vol, vot, vpc, vqi, vtr, vuc, vvg, vwy, vxf, vxh, vyk, wat, wbp, wcv, wfa, wfg, wfv, wgk, wgy, whd, wjg, wjn, wkk, wks, wmc, wmz, woy, wpk, wsi, wzm, wzw, wzz, xca, xef, xgy, xhb, xhh, xij, xka, xkt, xlz, xoa, xri, xrx, xus, xuw, xvo, xwc, xwf, xww, xxh, xyi, xzq, ycr, ydg, yeu, yev, ygf, ygs, yil, ynk, ypm, yri, yxt, yzt, yzw, zcd, zcy, zdq, zfc, zfh, zgh, zhh, zho, zip, zoy, zrr, zsn, zuw, zvc, zxw, zyg, zyu, zzc]
