[afg, ajw, amh, anq, anu, aov, apx, awu, azt, bcq, bdi, bdz, beu, bgv, bhj, bhv, bie, big, bjr, bko, bmn, bmr, bnq, bpq, bsc, bsr, btj, cci, chr, ckl, cmb, cqt, crj, csg, cta, cuf, cxk, ddr, djq, dln, dmy, dqj, dtc, dxi, dyn, dzp, ebt, ehx, eja, ent, eqj, ezh, fae, fai, fcu, fhj, fhp, fib, fmb, fui, fvb, fzl, fzu, gaq, ghz, gkv, gmb, gpt, gsz, gym, gza, gzi, hci, hgw, hib, hid, hju, hlc, hqq, hvn, hzv, ibg, icp, ihi, ihx, iio, iov, ira, itb, itq, iuw, izb, jbd, jdq, jhq, jml, jpp, jra, jrh, kbz, khd, khv, kiy, kkh, kld, kmj, kmp, knu, koa, ktq, kwl, kxv, ldi, lel, llg, llz, lmd, lnt, lss, ltw, luw, lvo, min, mit, mkn, mqe, mqw, msb, msn, mup, mus, mxn, ncq, nkp, nsc, nwy, nxd, oao, oeu, oez, ogt, okq, onj, ooh, oqb, osh, pfa, pim, pnk, pnq, poj, pqp, psv, pyj, pzu, qdw, qem, qep, qff, qiv, qlu, qpv, quj, qwn, qxh, qzj, rbm, rcf, rci, rcl, rfw, rgn, rla, rly, rpd, rqp, rsp, rsq, rtq, rtw, rza, scc, shf, sli, spb, spz, ssq, stx, swj, syg, tao, tgr, tjd, tli, tts, tux, uah, ucd, ueh, uex, ufm, uoe, urk, uzr, vbw, vcg, vfo, vfp, vft, vhe, vjm, voc, vtt, vuf, vvs, wai, wau, wka, wll, wnj, wpi, wrj, wrp, www, xcj, xdd, xfj, xgq, xhl, xjw, xkb, xmh, xqk, xsg, xui, xxf, ybf, yhc, yif, ykm, ylu, ymk, yop, yux, yvd, yxh, zgc, zha, ziu, zmt, zqf, zrk, zud, zue]
