[6, 7, 19, 28, 29, 47, 61, 66, 73, 79, 81, 92, 94, 96, 99, 101, 109, 114, 120, 136, 137, 152, 154, 158, 159, 165, 166, 169, 171, 181, 184, 190, 195, 201, 215, 216, 230, 232, 245, 254, 258, 259, 261, 262, 263, 273, 279, 286, 288, 300, 303, 316, 319, 326, 337, 338, 344, 346, 349, 350, 357, 358, 362, 368, 371, 374, 377, 386, 388, 389, 391, 401, 405, 406, 410, 413, 415, 422, 435, 438, 440, 445, 459, 464, 465, 467, 472, 473, 477, 487, 493, 497, 504, 505, 507, 542, 545, 546, 553, 556, 557, 563, 569, 593, 595, 600, 610, 613, 619, 622, 625, 636, 645, 646, 653, 669, 675, 678, 681, 690, 697, 704, 707, 712, 713, 716, 731, 734, 738, 742, 744, 748, 750, 751, 760, 766, 790, 813, 818, 823, 829, 831, 834, 849, 859, 860, 866, 868, 876, 883, 893, 896, 898, 910, 923, 939, 940, 943, 947, 974, 990, 991, 992, 999]
