[abf, abi, acm, aef, aeu, agm, ahg, aic, aik, akh, akr, any, aoi, apw, aqe, aqq, aqv, arc, arm, asd, aua, auk, avx, azd, bag, bbd, bbo, bdy, bei, bej, bgq, bgy, bid, bif, bjj, bkk, bll, blu, boe, boh, bqr, bru, btn, btu, bub, bup, bvr, bvw, bxe, bxk, bxx, byn, bzx, ccz, ckv, clc, cov, cpa, cru, csr, cwx, dau, dbo, del, dhv, dil, dkn, dlr, dmj, dmm, dmv, doj, dtn, dul, duz, dwl, dwo, dyl, eft, ehs, ehz, ehz, ems, emu, ena, enw, eot, epi, epx, eqi, ery, esl, etb, etl, evc, evz, ewm, exc, exl, exu, ezy, fam, fbk, fbn, fcw, fer, fgj, fgp, fgq, fhn, fju, fkl, fmx, fna, fpu, frw, fsq, ftp, fvn, fwc, fxc, fxr, gav, gcr, ger, gfp, gga, ggh, ggk, ggv, gie, gjp, gla, gmw, gnq, goq, gsd, guu, gva, gve, gxn, gyg, gzi, hcm, hdl, hfn, hig, hmb, hpb, hpi, hrx, iae, igb, igi, igm, ihv, iip, ijt, ijy, ikp, ilp, iqh, ish, isv, iub, iue, ivb, ivm, iwn, izq, izx, jbt, jca, jeq, jfu, jmm, jna, jnr, jqv, jsl, jta, jvp, jwy, jxy, jzk, kcg, kdn, ket, kgo, kis, klo, knm, knv, kqs, ksv, ktt, ktu, kuo, kws, kwu, kxj, kxk, kxu, kyh, kyl, kzc, kzz, lai, lay, lea, ljn, ljz, lkp, lks, lkw, lmv, lof, loi, lqq, lqs, lrb, lsq, lss, lth, lyw, maf, mao, mav, mcn, mcr, mcx, mep, mfo, mgz, mir, mkf, mli, mlp, mmu, mpd, mpk, mra, mrn, mto, mva, mvj, mwl, mxx, myv, nac, naj, nct, ndb, nde, ndo, ndp, ngj, nhv, njt, nnf, npu, nqf, ntn, nvz, nwb, nwq, nzr, ocf, oel, ofi, okf, omc, omx, opf, opg, opz, oqn, osb, otd, otg, oua, ovi, ovm, ovo, ovy, oxi, oyk, ozo, ozy, pau, pbz, pev, pgl, phz, pil, pkh, plh, pof, pqb, pqc, pqu, psm, psq, ptc, puo, pwt, pyr, pzr, qad, qba, qdq, qei, qfz, qhk, qib, qim, qiq, qit, qji, qjk, qkk, qkp, qlu, qmq, qnd, qor, qpl, qrc, qst, qug, quj, qvl, qwi, qwx, qyr, qzv, rbe, rbs, rda, rdg, rea, reb, reg, rgo, rim, rin, rku, rmc, rna, rsa, rsg, rta, rtm, run, ruo, rxh, ryb, ryk, sbc, sbe, sbo, sdw, sea, sft, sfu, sgp, shc, ski, slo, snv, spn, sso, stc, sti, suf, svc, sxt, tak, tbi, tei, tey, thy, tjc, tjh, tnd, tnu, tol, toq, tpa, tsj, tsq, tto, tuj, tvl, tvv, txd, txj, uaf, ubh, udh, uea, uev, ufa, ugj, umg, uqq, urg, uwi, uwr, uxi, uzl, vam, vci, vei, vgr, vid, vjk, vss, vtn, vux, vzz, wbh, wcq, wcz, wgg, wjb, wjd, wmu, wni, wop, wpu, wpy, wqi, wvh, wvk, wvn, wwm, wxf, wxm, xbv, xck, xcq, xdi, xei, xfd, xfi, xir, xkj, xlj, xni, xoa, xra, xrv, xsl, xte, xty, xvg, xvh, xwz, xye, xym, xyo, xzy, ych, yco, ydr, ygw, yhc, yij, yjt, ykq, ykx, ylj, ynp, yny, yod, ypc, ypi, yqr, yrt, yte, yvz, ywc, ywl, ywy, yxe, yxh, yxs, yxt, yzo, zas, zbj, zbp, zbz, zdi, zel, zhb, zic, zkr, zni, znv, zog, zpj, zum, zvf, zxy, zye, zyk]
