[adx, aej, afe, ajb, ajn, amc, amx, anp, aou, aqb, aqk, aqw, aqx, asf, asp, atd, atj, aty, atz, avt, awl, awu, axc, azf, bak, bbs, bci, bck, bek, beu, bgn, bhb, bhh, bjl, bkc, bki, bli, bqa, bqq, brd, bre, brg, brm, bvh, bvj, bwe, cbk, cdx, ceb, ceo, cfa, cgg, chx, cia, ciy, ckl, cnj, coq, cor, cpn, cwq, cxd, cxi, czu, czw, dae, dam, ddp, deo, dgl, dgv, djc, dkg, dng, dns, dom, dop, dpu, drl, drs, drs, dry, dsx, dtf, duq, dvk, dwg, dxi, dyd, dym, eaa, eab, eaf, ebq, ecm, ecq, ecy, egc, egx, ehb, ehj, ehw, ejq, ekj, ekn, elm, emf, eor, eps, epu, erq, esn, ete, eul, euo, euw, evo, evs, fak, faq, fbf, fbr, fdr, fey, fgb, fgm, fhb, flt, fmf, fnt, fqt, fsc, fsm, fsr, fsw, fsz, fty, fyj, fyw, gab, gar, gay, gbl, gcc, ggo, gke, gkm, gkv, gma, gmh, gmj, gmn, gmp, gnm, gpw, gqh, gqn, gsi, guc, gud, gvt, gvu, gwc, gwo, gxq, gxq, gxr, hal, hax, hbb, hco, hcr, hfh, hfw, hgj, hho, hil, hiy, hla, hlf, hlg, hmp, hnb, hqd, hsw, htu, htx, hux, hvl, hwg, hyd, hze, hzf, hzy, iak, ibj, ibq, idu, ifd, igp, igv, ihb, ihe, ihh, ijt, ilr, ilx, inm, ins, ioh, ipi, iqj, iqs, ird, isn, iwo, ixh, iyq, iys, jag, jao, jaq, jau, jcg, jck, jdx, jhe, jhn, jhn, jkl, jkn, jqb, jsq, juh, jvk, jvs, jwb, jyl, jyo, kbf, kbj, kbp, kbz, kcw, kcy, kfm, kfq, kge, khz, kkb, koq, krk, ksv, ktu, kvh, lat, lbs, lcv, lda, len, lij, lju, lks, lll, lmn, lmq, lpa, lpj, lse, lsx, lts, ltv, lur, luw, lvg, lxa, lxu, lzk, mcb, mct, mde, mdq, mdr, meu, mey, mfr, mgz, mhg, mid, mjm, mjw, mke, mkz, mle, mmv, mnc, mnh, mok, mol, mpp, msg, muf, mun, mve, mvq, mwq, myf, mys, myt, mza, mzt, nag, nak, nbr, ndp, ndt, ngd, nie, niy, njd, njj, njo, njt, nlk, nlm, nqv, nrj, nut, nwd, nwh, odb, odl, oex, ogq, oha, ohn, ohx, oii, ojp, oju, okb, omm, ond, ong, onv, ooh, oph, oqq, oqt, org, orr, ose, oth, owl, owo, oyu, pcq, pde, pdu, pel, peu, pex, pgc, pku, plc, pli, pls, pns, poy, ppm, pqb, puv, pvj, pvl, pvm, pvn, pwa, pwa, pwz, pxs, pzh, qax, qby, qci, qfh, qfr, qfu, qgd, qgl, qia, qij, qjj, qlr, qlt, qlx, qnb, qnf, qnl, qqz, qrm, qsj, qtr, qux, qzy, rbm, rby, rct, rcz, rec, rgp, rgu, rjl, rjp, rko, rks, rkz, rlu, rmz, rng, rnn, roe, ros, rov, rvp, rwo, rza, rzc, rzv, sak, sbm, sci, scv, sdv, sdx, sfg, sfj, sgf, siv, sjq, skb, smo, snb, sne, sou, sql, sqq, sth, stq, sud, suq, suw, svf, svl, sxg, sxh, syh, syq, sys, tat, tbn, tbv, tbv, tcf, tdz, tfe, tfg, tga, thq, tih, tir, tjb, tln, tmt, tpg, tpz, tsn, tsr, tuh, tux, txr, tyl, uak, ubz, ugh, uhd, uiq, uky, uls, ulv, umi, uof, uok, uqf, uqh, ure, urh, urr, usg, uts, uud, uue, uvd, uve, uwf, uwu, uxb, uxe, uxj, uxm, uyl, uzg, vbo, vby, vef, vex, vff, vfu, vgd, vgv, vhb, vhl, vhm, vif, vjq, vrw, vtf, vws, vxm, vyk, vyo, vzf, wbg, wdf, wer, wia, wjy, wjz, wkh, wlf, wlu, wmz, woc, wod, wox, wpd, wpi, wpv, wql, wrd, wsv, wtp, wtt, wuo, wza, xac, xbf, xdd, xen, xep, xfd, xfe, xgb, xgq, xhv, xhw, xja, xkq, xlv, xna, xnf, xpn, xqg, xri, xrt, xsj, xum, xux, xxc, xyn, yfd, yfr, yig, yku, ykv, ylc, ymy, ynh, ynl, yns, ypr, ypx, yqo, yqo, yrn, ysi, yso, ytq, ytz, yuj, yuk, yuo, yvc, yvr, ywa, yxv, zac, zae, zaf, zbi, zbl, zbq, zeq, zeq, zes, zfk, zfl, zfp, zfq, zgh, zgq, zhq, zia, zkp, zop, zox, zpe, zpi, ztz, zvg, zvr, zxj, zxr, zxu, zxz]
