[aaq, abd, ack, acl, ada, aev, afa, afd, afk, afz, aic, aiy, aje, ajf, ajl, alj, alp, amd, amt, aok, ape, aqk, aqk, ard, arw, asl, asn, atc, auc, awt, axa, axc, ayg, ayt, azw, baf, bbx, bdj, bdp, bef, beg, bfe, bff, bhb, bkc, blh, blv, bms, bnu, bpo, bpt, bpz, bqb, bsb, bso, btc, bty, bua, bul, bum, bur, buu, bwg, bzo, bzr, cah, cax, cbj, cch, ccj, ccz, cds, cdt, cem, cft, cgk, cha, chw, cii, ciy, cjf, cjp, cma, cpc, cpd, cpf, cpn, cpo, cqa, crf, csc, csx, cuu, cvo, cwl, cwr, cwx, cxa, czs, czu, dac, dbf, dbm, dbq, dcy, ddd, ddj, dea, dey, dgp, dgr, div, djn, dka, dlb, dlf, dln, dlw, dmh, dmj, doo, dpe, dpj, dum, dva, dvi, dvu, dxe, dxo, dzi, dzz, eae, eai, edw, efh, efi, efq, egx, ehs, ejc, ekt, elg, emy, enz, eob, eoj, eom, etn, ety, ewg, ewq, eyg, eyj, eyu, ezb, fbv, fcd, fdf, fdr, fdx, fgp, fgq, fgv, fgw, fir, fit, fje, fjn, fjz, fkt, fkw, flc, fln, fms, fnk, fnt, foh, fqo, fsa, fse, fst, ftc, fth, ftq, fuy, fva, fvt, fwb, fwu, fyc, fye, fyo, fzx, gal, gej, gen, gfq, ggo, ghe, ghe, gii, gix, gjb, gjt, gln, gmb, gnb, gnn, gnr, gou, gpm, gpn, gqc, gqp, gqu, gth, gto, gty, guk, gur, gus, gvr, gwh, gwj, gwm, gxo, gxs, gyv, gzx, hav, hbd, hcd, hco, hdb, hdl, hec, heh, hhc, hht, hjd, hjl, hnz, hpg, hpp, hpx, hrd, hsd, hse, hts, hvh, hvj, hwz, hxl, hzm, hzy, iak, ian, icg, icl, idb, ieu, iff, ifh, igh, igv, iid, ijh, ijy, ikh, ikl, imu, imz, ink, ipd, ipe, ipo, iqc, iqk, isb, isp, iuf, iur, ivc, ivt, ivt, ivx, ixe, iyi, iyq, jan, jau, jbi, jca, jdd, jdn, jeq, jfe, jfp, jgi, jgi, jiy, jjw, jkb, jki, jme, jnc, joy, jqc, jqr, jrq, jrq, jsu, jto, jul, juo, juz, jwa, jxm, jxz, jya, jym, jyw, kct, kdb, kdj, keq, kfo, kgo, kgt, kgx, khy, kio, kip, kiq, kkt, kky, kls, kmn, knk, kou, kqf, kqv, krc, krh, krl, krq, ksp, kta, ktd, ktz, kuc, kus, kut, kuv, kvs, kwc, kxw, kyk, kyx, kzt, lag, lcz, ldi, lez, lfc, lfh, lgr, lhk, ljm, lnz, lpx, lsg, lsj, lsw, lus, lwr, lyf, lyk, mbj, mbo, mdn, mee, mhr, mic, mil, mkk, mmi, mnh, mni, mns, mny, mqr, mqs, mqt, mqu, mra, msm, msp, mte, mtz, mud, muf, muv, muy, mwj, mwy, mxm, myp, myy, mzm, mzw, naj, nal, nam, nan, nbf, nbg, nbl, nbu, nce, ncf, ncr, nev, new, nfa, nfy, ngi, nju, nkj, nlx, nmk, nml, nmm, nno, nok, npy, nqg, nql, nrn, nse, nsr, ntj, nun, nuy, nvs, nwb, nwe, nwl, nwm, nym, nyr, nys, nzf, nzl, nzt, oaj, oam, obb, obd, oci, oeb, oeq, ofq, ohd, ohm, oif, ojm, okr, olo, omm, omp, onc, onk, onp, oor, opi, opu, ose, osu, ote, oyw, ozn, paf, pah, pat, pcv, pcx, ped, pek, pfl, pga, pgt, pgw, pig, pjo, pjp, pkb, pkg, pky, poy, prj, psd, pvu, pwp, pxp, pxr, pzz, qap, qbq, qbx, qcb, qcw, qdg, qdn, qeg, qew, qfd, qjp, qkx, qlb, qle, qnc, qnl, qow, qpc, qqq, qqr, qqz, qts, quv, qwg, qwo, qyq, qzj, qzs, qzx, rbw, rcm, rdq, rfp, rfx, rgh, rgm, rib, rif, rjd, rjm, rjs, rkk, rkx, rli, rlj, rln, rlw, rlx, rmo, rnb, rou, rpj, rpm, rri, rrl, rrp, rrr, rrv, rry, rsi, rux, rxe, rxs, rym, rzc, rzh, sbo, scm, sda, sde, sdm, sdp, sdt, sfv, sgd, shd, shf, shg, shu, shv, sii, sim, sjb, sjg, snl, sns, spp, sqe, srf, ssp, svj, svp, svu, sww, sxd, sxw, sxy, syd, syq, szi, szp, szu, szx, taz, tbd, tce, tco, tdb, tdr, tdy, tfj, tgf, thy, tkf, tkm, tls, tmi, tnk, tnv, toa, trc, tsd, ttf, tvg, tyi, tzn, tzt, tzw, uap, uas, ubi, ubj, ufo, ufy, ugh, uiq, ujg, une, uom, uph, upt, upv, uqd, uqm, uqp, urh, urt, usi, usj, uti, uvl, uvl, uxs, uyw, uzl, uzq, uzr, vbi, vch, vei, vez, vfm, vfq, vfy, vgd, vgr, vhh, vhv, vis, vit, viz, vkh, vli, vlx, vmf, vmh, vmq, vnd, vnm, voh, voi, vox, vpt, vqi, vqs, vru, vtx, vub, vuq, vvk, vwb, vwg, vxb, vxk, vxo, vyi, vyp, vyq, vzq, waa, wao, wcr, wct, wdw, wfz, wga, wgs, wgw, who, wke, wkl, wkw, wlj, wmt, wmv, wnt, wnu, wph, wpw, wtq, www, wzn, xcv, xcz, xdn, xfk, xfp, xhl, xkq, xlu, xmn, xmn, xmv, xmx, xny, xqq, xqr, xrg, xsl, xsn, xsv, xth, xuq, xva, xvi, xwp, xwr, xyd, xyj, xyk, xyu, xzi, xzv, xzz, yab, yas, yba, ycq, ydf, ydi, yff, yft, yge, ygh, yhe, yhv, yij, yip, yjd, ykc, ykj, yle, ylg, ymn, ymq, ymw, ynj, yov, yph, ypl, yps, yqe, yrb, ysp, yss, yvk, ywz, yxm, yxo, yxs, yxw, yyc, yyd, yyu, yzc, yzw, zap, zay, zbd, zbx, zcg, zdj, zdm, zhc, zhj, zhk, zjf, zjk, zkf, zlv, zmo, zoh, zoo, zqh, zqj, zqm, zqu, zsb, ztl, zuj, zwl, zws, zys, zzc, zzi]
